***********************************************************************************************
***                                                                                         ***
***                                    LINK INFORMATION                                     ***
***                                                                                         ***
***********************************************************************************************

Linker version:

  SEGGER ARM Linker 4.34.2 compiled Aug 15 2022 23:27:03
  Copyright (c) 2017-2022 SEGGER Microcontroller GmbH    www.segger.com


***********************************************************************************************
***                                                                                         ***
***                                     MODULE SUMMARY                                      ***
***                                                                                         ***
***********************************************************************************************

Memory use by input file:

  Object File                                       RX Code     RO Data     RW Data     ZI Data
  ---------------------------------------------  ----------  ----------  ----------  ----------
  main.o                                                140         872                        
  SEGGER_crtinit_v7em_little.o                           52                                    
  SEGGER_THUMB_Startup.o                                 20                                    
  STM32L432KC_FLASH.o                                    32                                    
  STM32L432KC_GPIO.o                                    196                                    
  STM32L432KC_RCC.o                                     264                                    
  STM32L432KC_TIM.o                                     304                                    
  stm32l432xx_Vectors.o                                 532                                    
  STM32L4xx_Startup.o                                    64                                    
  system_stm32l4xx.o                                    428          64           4            
  ---------------------------------------------  ----------  ----------  ----------  ----------
  Subtotal (10 objects)                               2 032         936           4            
  ---------------------------------------------  ----------  ----------  ----------  ----------
  Linker created (shared data, fills, blocks):                       28                   2 048
  =============================================  ==========  ==========  ==========  ==========
  Total:                                              2 032         964           4       2 048
  =============================================  ==========  ==========  ==========  ==========

Memory use by archive member:

Memory use by linker:

  Description                                       RX Code     RO Data     RW Data     ZI Data
  ---------------------------------------------  ----------  ----------  ----------  ----------
  Initialization table                                               28                        
  Memory for block 'stack'                                                                2 048
  ---------------------------------------------  ----------  ----------  ----------  ----------
  Subtotal (linker created):                                         28                   2 048
  ---------------------------------------------  ----------  ----------  ----------  ----------
  Objects (10 files)                                  2 032         936           4            
  =============================================  ==========  ==========  ==========  ==========
  Total:                                              2 032         964           4       2 048
  =============================================  ==========  ==========  ==========  ==========


***********************************************************************************************
***                                                                                         ***
***                                     SECTION DETAIL                                      ***
***                                                                                         ***
***********************************************************************************************

Sections by address:

  Range              Symbol or [section] Name         Size  Al  Init  Ac  Object File
  -----------------  -------------------------  ----------  --  ----  --  -----------
  08000000-0800018b  _vectors                          396  512
                                                                Code  RX  stm32l432xx_Vectors.o
  0800018c-0800019b  AHBPrescTable                      16   4  Cnst  RO  system_stm32l4xx.o
  0800019c-080001cb  MSIRangeTable                      48   4  Cnst  RO  system_stm32l4xx.o
  080001cc-08000223  SystemInit                         88   4  Code  RX  system_stm32l4xx.o
  08000224-08000377  SystemCoreClockUpdate             340   4  Code  RX  system_stm32l4xx.o
  08000378-08000397  configureFlash                     32   4  Code  RX  STM32L432KC_FLASH.o
  08000398-0800045b  pinMode                           196   4  Code  RX  STM32L432KC_GPIO.o
  0800045c-080004fb  configurePLL                      160   4  Code  RX  STM32L432KC_RCC.o
  080004fc-08000563  configureClock                    104   4  Code  RX  STM32L432KC_RCC.o
  08000564-080005ff  initTIMpwm                        156   4  Code  RX  STM32L432KC_TIM.o
  08000600-08000967  notes                             872   4  Cnst  RO  main.o
  08000968-080009c7  main                               96   4  Code  RX  main.o
  080009c8-080009db  _start                             20   4  Code  RX  SEGGER_THUMB_Startup.o
  080009dc-08000a03  HardFault_Handler                  40   4  Code  RX  STM32L4xx_Startup.o
  08000a04-08000a05  NMI_Handler                         2   2  Code  RX  stm32l432xx_Vectors.o
  08000a06-08000a07  MemManage_Handler                   2   2  Code  RX  stm32l432xx_Vectors.o
  08000a08-08000a09  BusFault_Handler                    2   2  Code  RX  stm32l432xx_Vectors.o
  08000a0a-08000a0b  UsageFault_Handler                  2   2  Code  RX  stm32l432xx_Vectors.o
  08000a0c-08000a0d  SVC_Handler                         2   2  Code  RX  stm32l432xx_Vectors.o
  08000a0e-08000a0f  DebugMon_Handler                    2   2  Code  RX  stm32l432xx_Vectors.o
  08000a10-08000a11  PendSV_Handler                      2   2  Code  RX  stm32l432xx_Vectors.o
  08000a12-08000a13  SysTick_Handler                     2   2  Code  RX  stm32l432xx_Vectors.o
  08000a14-08000a15  WWDG_IRQHandler                     2   2  Code  RX  stm32l432xx_Vectors.o
  08000a16-08000a17  PVD_PVM_IRQHandler                  2   2  Code  RX  stm32l432xx_Vectors.o
  08000a18-08000a19  TAMP_STAMP_IRQHandler               2   2  Code  RX  stm32l432xx_Vectors.o
  08000a1a-08000a1b  RTC_WKUP_IRQHandler                 2   2  Code  RX  stm32l432xx_Vectors.o
  08000a1c-08000a1d  FLASH_IRQHandler                    2   2  Code  RX  stm32l432xx_Vectors.o
  08000a1e-08000a1f  RCC_IRQHandler                      2   2  Code  RX  stm32l432xx_Vectors.o
  08000a20-08000a21  EXTI0_IRQHandler                    2   2  Code  RX  stm32l432xx_Vectors.o
  08000a22-08000a23  EXTI1_IRQHandler                    2   2  Code  RX  stm32l432xx_Vectors.o
  08000a24-08000a25  EXTI2_IRQHandler                    2   2  Code  RX  stm32l432xx_Vectors.o
  08000a26-08000a27  EXTI3_IRQHandler                    2   2  Code  RX  stm32l432xx_Vectors.o
  08000a28-08000a29  EXTI4_IRQHandler                    2   2  Code  RX  stm32l432xx_Vectors.o
  08000a2a-08000a2b  DMA1_Channel1_IRQHandler            2   2  Code  RX  stm32l432xx_Vectors.o
  08000a2c-08000a2d  DMA1_Channel2_IRQHandler            2   2  Code  RX  stm32l432xx_Vectors.o
  08000a2e-08000a2f  DMA1_Channel3_IRQHandler            2   2  Code  RX  stm32l432xx_Vectors.o
  08000a30-08000a31  DMA1_Channel4_IRQHandler            2   2  Code  RX  stm32l432xx_Vectors.o
  08000a32-08000a33  DMA1_Channel5_IRQHandler            2   2  Code  RX  stm32l432xx_Vectors.o
  08000a34-08000a35  DMA1_Channel6_IRQHandler            2   2  Code  RX  stm32l432xx_Vectors.o
  08000a36-08000a37  DMA1_Channel7_IRQHandler            2   2  Code  RX  stm32l432xx_Vectors.o
  08000a38-08000a39  ADC1_IRQHandler                     2   2  Code  RX  stm32l432xx_Vectors.o
  08000a3a-08000a3b  CAN1_TX_IRQHandler                  2   2  Code  RX  stm32l432xx_Vectors.o
  08000a3c-08000a3d  CAN1_RX0_IRQHandler                 2   2  Code  RX  stm32l432xx_Vectors.o
  08000a3e-08000a3f  CAN1_RX1_IRQHandler                 2   2  Code  RX  stm32l432xx_Vectors.o
  08000a40-08000a41  CAN1_SCE_IRQHandler                 2   2  Code  RX  stm32l432xx_Vectors.o
  08000a42-08000a43  EXTI9_5_IRQHandler                  2   2  Code  RX  stm32l432xx_Vectors.o
  08000a44-08000a45  TIM1_BRK_TIM15_IRQHandler           2   2  Code  RX  stm32l432xx_Vectors.o
  08000a46-08000a47  TIM1_UP_TIM16_IRQHandler            2   2  Code  RX  stm32l432xx_Vectors.o
  08000a48-08000a49  TIM1_TRG_COM_IRQHandler             2   2  Code  RX  stm32l432xx_Vectors.o
  08000a4a-08000a4b  TIM1_CC_IRQHandler                  2   2  Code  RX  stm32l432xx_Vectors.o
  08000a4c-08000a4d  TIM2_IRQHandler                     2   2  Code  RX  stm32l432xx_Vectors.o
  08000a4e-08000a4f  I2C1_EV_IRQHandler                  2   2  Code  RX  stm32l432xx_Vectors.o
  08000a50-08000a51  I2C1_ER_IRQHandler                  2   2  Code  RX  stm32l432xx_Vectors.o
  08000a52-08000a53  SPI1_IRQHandler                     2   2  Code  RX  stm32l432xx_Vectors.o
  08000a54-08000a55  USART1_IRQHandler                   2   2  Code  RX  stm32l432xx_Vectors.o
  08000a56-08000a57  USART2_IRQHandler                   2   2  Code  RX  stm32l432xx_Vectors.o
  08000a58-08000a59  EXTI15_10_IRQHandler                2   2  Code  RX  stm32l432xx_Vectors.o
  08000a5a-08000a5b  RTC_Alarm_IRQHandler                2   2  Code  RX  stm32l432xx_Vectors.o
  08000a5c-08000a5d  SPI3_IRQHandler                     2   2  Code  RX  stm32l432xx_Vectors.o
  08000a5e-08000a5f  TIM6_DAC_IRQHandler                 2   2  Code  RX  stm32l432xx_Vectors.o
  08000a60-08000a61  TIM7_IRQHandler                     2   2  Code  RX  stm32l432xx_Vectors.o
  08000a62-08000a63  DMA2_Channel1_IRQHandler            2   2  Code  RX  stm32l432xx_Vectors.o
  08000a64-08000a65  DMA2_Channel2_IRQHandler            2   2  Code  RX  stm32l432xx_Vectors.o
  08000a66-08000a67  DMA2_Channel3_IRQHandler            2   2  Code  RX  stm32l432xx_Vectors.o
  08000a68-08000a69  DMA2_Channel4_IRQHandler            2   2  Code  RX  stm32l432xx_Vectors.o
  08000a6a-08000a6b  DMA2_Channel5_IRQHandler            2   2  Code  RX  stm32l432xx_Vectors.o
  08000a6c-08000a6d  COMP_IRQHandler                     2   2  Code  RX  stm32l432xx_Vectors.o
  08000a6e-08000a6f  LPTIM1_IRQHandler                   2   2  Code  RX  stm32l432xx_Vectors.o
  08000a70-08000a71  LPTIM2_IRQHandler                   2   2  Code  RX  stm32l432xx_Vectors.o
  08000a72-08000a73  USB_IRQHandler                      2   2  Code  RX  stm32l432xx_Vectors.o
  08000a74-08000a75  DMA2_Channel6_IRQHandler            2   2  Code  RX  stm32l432xx_Vectors.o
  08000a76-08000a77  DMA2_Channel7_IRQHandler            2   2  Code  RX  stm32l432xx_Vectors.o
  08000a78-08000a79  LPUART1_IRQHandler                  2   2  Code  RX  stm32l432xx_Vectors.o
  08000a7a-08000a7b  QUADSPI_IRQHandler                  2   2  Code  RX  stm32l432xx_Vectors.o
  08000a7c-08000a7d  I2C3_EV_IRQHandler                  2   2  Code  RX  stm32l432xx_Vectors.o
  08000a7e-08000a7f  I2C3_ER_IRQHandler                  2   2  Code  RX  stm32l432xx_Vectors.o
  08000a80-08000a81  SAI1_IRQHandler                     2   2  Code  RX  stm32l432xx_Vectors.o
  08000a82-08000a83  SWPMI1_IRQHandler                   2   2  Code  RX  stm32l432xx_Vectors.o
  08000a84-08000a85  TSC_IRQHandler                      2   2  Code  RX  stm32l432xx_Vectors.o
  08000a86-08000a87  RNG_IRQHandler                      2   2  Code  RX  stm32l432xx_Vectors.o
  08000a88-08000a89  FPU_IRQHandler                      2   2  Code  RX  stm32l432xx_Vectors.o
  08000a8a-08000a8b  CRS_IRQHandler                      2   2  Code  RX  stm32l432xx_Vectors.o
  08000a8c-08000ac3  initTIMdelay                       56   2  Code  RX  STM32L432KC_TIM.o
  08000ac4-08000b1f  pitch                              92   2  Code  RX  STM32L432KC_TIM.o
  08000b20-08000b4b  ms_delay                           44   2  Code  RX  main.o
  08000b4c-08000b63  reset_handler                      24   2  Code  RX  STM32L4xx_Startup.o
  08000b64-08000b67  [.init_array]                       4   4  ----  --  STM32L4xx_Startup.o
  08000b68-08000b87  __SEGGER_init_ctors                32   4  Code  RX  SEGGER_crtinit_v7em_little.o
  08000b88-08000b9f  __SEGGER_init_table__              24   4  Cnst  RO  [ Linker created ]
  08000ba0-08000ba3  __SEGGER_init_data__                4   4  Cnst  RO  [ Linker created ]
  08000ba4-08000bb7  __SEGGER_init_copy                 20   2  Code  RX  SEGGER_crtinit_v7em_little.o
  08000bb8-0fffffff  ( UNUSED .=.+134214728 )   134 214 728
                                                             -  ----  -   -
  10000000-10000003  SystemCoreClock                     4   4  Init  RW  system_stm32l4xx.o
  10000004-2000b7ff  ( UNUSED .=.+268482556 )   268 482 556
                                                             -  ----  -   -
  2000b800-2000bfff  [.bss.block.stack]              2 048   8  None  ZI  [ Linker created ]


***********************************************************************************************
***                                                                                         ***
***                                       SYMBOL LIST                                       ***
***                                                                                         ***
***********************************************************************************************

Function symbols by name:

  Symbol name                   Address        Size  Align  Type  Bd  Object File
  -------------------------  ----------  ----------  -----  ----  --  -----------
  ADC1_IRQHandler            0x08000A39                  2  Code  Wk  stm32l432xx_Vectors.o
  BusFault_Handler           0x08000A09                  2  Code  Wk  stm32l432xx_Vectors.o
  CAN1_RX0_IRQHandler        0x08000A3D                  2  Code  Wk  stm32l432xx_Vectors.o
  CAN1_RX1_IRQHandler        0x08000A3F                  2  Code  Wk  stm32l432xx_Vectors.o
  CAN1_SCE_IRQHandler        0x08000A41                  2  Code  Wk  stm32l432xx_Vectors.o
  CAN1_TX_IRQHandler         0x08000A3B                  2  Code  Wk  stm32l432xx_Vectors.o
  COMP_IRQHandler            0x08000A6D                  2  Code  Wk  stm32l432xx_Vectors.o
  CRS_IRQHandler             0x08000A8B                  2  Code  Wk  stm32l432xx_Vectors.o
  DMA1_Channel1_IRQHandler   0x08000A2B                  2  Code  Wk  stm32l432xx_Vectors.o
  DMA1_Channel2_IRQHandler   0x08000A2D                  2  Code  Wk  stm32l432xx_Vectors.o
  DMA1_Channel3_IRQHandler   0x08000A2F                  2  Code  Wk  stm32l432xx_Vectors.o
  DMA1_Channel4_IRQHandler   0x08000A31                  2  Code  Wk  stm32l432xx_Vectors.o
  DMA1_Channel5_IRQHandler   0x08000A33                  2  Code  Wk  stm32l432xx_Vectors.o
  DMA1_Channel6_IRQHandler   0x08000A35                  2  Code  Wk  stm32l432xx_Vectors.o
  DMA1_Channel7_IRQHandler   0x08000A37                  2  Code  Wk  stm32l432xx_Vectors.o
  DMA2_Channel1_IRQHandler   0x08000A63                  2  Code  Wk  stm32l432xx_Vectors.o
  DMA2_Channel2_IRQHandler   0x08000A65                  2  Code  Wk  stm32l432xx_Vectors.o
  DMA2_Channel3_IRQHandler   0x08000A67                  2  Code  Wk  stm32l432xx_Vectors.o
  DMA2_Channel4_IRQHandler   0x08000A69                  2  Code  Wk  stm32l432xx_Vectors.o
  DMA2_Channel5_IRQHandler   0x08000A6B                  2  Code  Wk  stm32l432xx_Vectors.o
  DMA2_Channel6_IRQHandler   0x08000A75                  2  Code  Wk  stm32l432xx_Vectors.o
  DMA2_Channel7_IRQHandler   0x08000A77                  2  Code  Wk  stm32l432xx_Vectors.o
  DebugMon_Handler           0x08000A0F                  2  Code  Wk  stm32l432xx_Vectors.o
  EXTI0_IRQHandler           0x08000A21                  2  Code  Wk  stm32l432xx_Vectors.o
  EXTI15_10_IRQHandler       0x08000A59                  2  Code  Wk  stm32l432xx_Vectors.o
  EXTI1_IRQHandler           0x08000A23                  2  Code  Wk  stm32l432xx_Vectors.o
  EXTI2_IRQHandler           0x08000A25                  2  Code  Wk  stm32l432xx_Vectors.o
  EXTI3_IRQHandler           0x08000A27                  2  Code  Wk  stm32l432xx_Vectors.o
  EXTI4_IRQHandler           0x08000A29                  2  Code  Wk  stm32l432xx_Vectors.o
  EXTI9_5_IRQHandler         0x08000A43                  2  Code  Wk  stm32l432xx_Vectors.o
  FLASH_IRQHandler           0x08000A1D                  2  Code  Wk  stm32l432xx_Vectors.o
  FPU_IRQHandler             0x08000A89                  2  Code  Wk  stm32l432xx_Vectors.o
  HardFault_Handler          0x080009DD                  4  Code  Wk  STM32L4xx_Startup.o
  I2C1_ER_IRQHandler         0x08000A51                  2  Code  Wk  stm32l432xx_Vectors.o
  I2C1_EV_IRQHandler         0x08000A4F                  2  Code  Wk  stm32l432xx_Vectors.o
  I2C3_ER_IRQHandler         0x08000A7F                  2  Code  Wk  stm32l432xx_Vectors.o
  I2C3_EV_IRQHandler         0x08000A7D                  2  Code  Wk  stm32l432xx_Vectors.o
  LPTIM1_IRQHandler          0x08000A6F                  2  Code  Wk  stm32l432xx_Vectors.o
  LPTIM2_IRQHandler          0x08000A71                  2  Code  Wk  stm32l432xx_Vectors.o
  LPUART1_IRQHandler         0x08000A79                  2  Code  Wk  stm32l432xx_Vectors.o
  MemManage_Handler          0x08000A07                  2  Code  Wk  stm32l432xx_Vectors.o
  NMI_Handler                0x08000A05                  2  Code  Wk  stm32l432xx_Vectors.o
  PVD_PVM_IRQHandler         0x08000A17                  2  Code  Wk  stm32l432xx_Vectors.o
  PendSV_Handler             0x08000A11                  2  Code  Wk  stm32l432xx_Vectors.o
  QUADSPI_IRQHandler         0x08000A7B                  2  Code  Wk  stm32l432xx_Vectors.o
  RCC_IRQHandler             0x08000A1F                  2  Code  Wk  stm32l432xx_Vectors.o
  RNG_IRQHandler             0x08000A87                  2  Code  Wk  stm32l432xx_Vectors.o
  RTC_Alarm_IRQHandler       0x08000A5B                  2  Code  Wk  stm32l432xx_Vectors.o
  RTC_WKUP_IRQHandler        0x08000A1B                  2  Code  Wk  stm32l432xx_Vectors.o
  Reset_Handler              0x08000B4D                  2  Code  Gb  STM32L4xx_Startup.o
  SAI1_IRQHandler            0x08000A81                  2  Code  Wk  stm32l432xx_Vectors.o
  SPI1_IRQHandler            0x08000A53                  2  Code  Wk  stm32l432xx_Vectors.o
  SPI3_IRQHandler            0x08000A5D                  2  Code  Wk  stm32l432xx_Vectors.o
  SVC_Handler                0x08000A0D                  2  Code  Wk  stm32l432xx_Vectors.o
  SWPMI1_IRQHandler          0x08000A83                  2  Code  Wk  stm32l432xx_Vectors.o
  SysTick_Handler            0x08000A13                  2  Code  Wk  stm32l432xx_Vectors.o
  SystemCoreClockUpdate      0x08000225         340      4  Code  Gb  system_stm32l4xx.o
  SystemInit                 0x080001CD          88      4  Code  Gb  system_stm32l4xx.o
  TAMP_STAMP_IRQHandler      0x08000A19                  2  Code  Wk  stm32l432xx_Vectors.o
  TIM1_BRK_TIM15_IRQHandler  0x08000A45                  2  Code  Wk  stm32l432xx_Vectors.o
  TIM1_CC_IRQHandler         0x08000A4B                  2  Code  Wk  stm32l432xx_Vectors.o
  TIM1_TRG_COM_IRQHandler    0x08000A49                  2  Code  Wk  stm32l432xx_Vectors.o
  TIM1_UP_TIM16_IRQHandler   0x08000A47                  2  Code  Wk  stm32l432xx_Vectors.o
  TIM2_IRQHandler            0x08000A4D                  2  Code  Wk  stm32l432xx_Vectors.o
  TIM6_DAC_IRQHandler        0x08000A5F                  2  Code  Wk  stm32l432xx_Vectors.o
  TIM7_IRQHandler            0x08000A61                  2  Code  Wk  stm32l432xx_Vectors.o
  TSC_IRQHandler             0x08000A85                  2  Code  Wk  stm32l432xx_Vectors.o
  USART1_IRQHandler          0x08000A55                  2  Code  Wk  stm32l432xx_Vectors.o
  USART2_IRQHandler          0x08000A57                  2  Code  Wk  stm32l432xx_Vectors.o
  USB_IRQHandler             0x08000A73                  2  Code  Wk  stm32l432xx_Vectors.o
  UsageFault_Handler         0x08000A0B                  2  Code  Wk  stm32l432xx_Vectors.o
  WWDG_IRQHandler            0x08000A15                  2  Code  Wk  stm32l432xx_Vectors.o
  __SEGGER_init_copy         0x08000BA5          20      2  Code  Wk  SEGGER_crtinit_v7em_little.o
  __SEGGER_init_ctors        0x08000B69          24      4  Code  Wk  SEGGER_crtinit_v7em_little.o
  __SEGGER_init_done         0x080009D3                  4  Code  Gb  SEGGER_THUMB_Startup.o
  __startup_complete         0x080009D3                  4  Code  Gb  SEGGER_THUMB_Startup.o
  _start                     0x080009C9          14      4  Code  Gb  SEGGER_THUMB_Startup.o
  configureClock             0x080004FD         104      4  Code  Gb  STM32L432KC_RCC.o
  configureFlash             0x08000379          32      4  Code  Gb  STM32L432KC_FLASH.o
  configurePLL               0x0800045D         160      4  Code  Gb  STM32L432KC_RCC.o
  exit                       0x080009D7           2      4  Code  Gb  SEGGER_THUMB_Startup.o
  initTIMdelay               0x08000A8D          56      2  Code  Gb  STM32L432KC_TIM.o
  initTIMpwm                 0x08000565         156      4  Code  Gb  STM32L432KC_TIM.o
  main                       0x08000969          96      4  Code  Gb  main.o
  ms_delay                   0x08000B21          44      2  Code  Gb  main.o
  pinMode                    0x08000399         196      4  Code  Gb  STM32L432KC_GPIO.o
  pitch                      0x08000AC5          92      2  Code  Gb  STM32L432KC_TIM.o
  reset_handler              0x08000B4D                  2  Code  Gb  STM32L4xx_Startup.o

Function symbols by address:

     Address  Symbol name                      Size  Align  Type  Bd  Object File
  ----------  -------------------------  ----------  -----  ----  --  -----------
  0x080001CD  SystemInit                         88      4  Code  Gb  system_stm32l4xx.o
  0x08000225  SystemCoreClockUpdate             340      4  Code  Gb  system_stm32l4xx.o
  0x08000379  configureFlash                     32      4  Code  Gb  STM32L432KC_FLASH.o
  0x08000399  pinMode                           196      4  Code  Gb  STM32L432KC_GPIO.o
  0x0800045D  configurePLL                      160      4  Code  Gb  STM32L432KC_RCC.o
  0x080004FD  configureClock                    104      4  Code  Gb  STM32L432KC_RCC.o
  0x08000565  initTIMpwm                        156      4  Code  Gb  STM32L432KC_TIM.o
  0x08000969  main                               96      4  Code  Gb  main.o
  0x080009C9  _start                             14      4  Code  Gb  SEGGER_THUMB_Startup.o
  0x080009D3  __startup_complete                         4  Code  Gb  SEGGER_THUMB_Startup.o
  0x080009D3  __SEGGER_init_done                         4  Code  Gb  SEGGER_THUMB_Startup.o
  0x080009D7  exit                                2      4  Code  Gb  SEGGER_THUMB_Startup.o
  0x080009DD  HardFault_Handler                          4  Code  Wk  STM32L4xx_Startup.o
  0x08000A05  NMI_Handler                                2  Code  Wk  stm32l432xx_Vectors.o
  0x08000A07  MemManage_Handler                          2  Code  Wk  stm32l432xx_Vectors.o
  0x08000A09  BusFault_Handler                           2  Code  Wk  stm32l432xx_Vectors.o
  0x08000A0B  UsageFault_Handler                         2  Code  Wk  stm32l432xx_Vectors.o
  0x08000A0D  SVC_Handler                                2  Code  Wk  stm32l432xx_Vectors.o
  0x08000A0F  DebugMon_Handler                           2  Code  Wk  stm32l432xx_Vectors.o
  0x08000A11  PendSV_Handler                             2  Code  Wk  stm32l432xx_Vectors.o
  0x08000A13  SysTick_Handler                            2  Code  Wk  stm32l432xx_Vectors.o
  0x08000A15  WWDG_IRQHandler                            2  Code  Wk  stm32l432xx_Vectors.o
  0x08000A17  PVD_PVM_IRQHandler                         2  Code  Wk  stm32l432xx_Vectors.o
  0x08000A19  TAMP_STAMP_IRQHandler                      2  Code  Wk  stm32l432xx_Vectors.o
  0x08000A1B  RTC_WKUP_IRQHandler                        2  Code  Wk  stm32l432xx_Vectors.o
  0x08000A1D  FLASH_IRQHandler                           2  Code  Wk  stm32l432xx_Vectors.o
  0x08000A1F  RCC_IRQHandler                             2  Code  Wk  stm32l432xx_Vectors.o
  0x08000A21  EXTI0_IRQHandler                           2  Code  Wk  stm32l432xx_Vectors.o
  0x08000A23  EXTI1_IRQHandler                           2  Code  Wk  stm32l432xx_Vectors.o
  0x08000A25  EXTI2_IRQHandler                           2  Code  Wk  stm32l432xx_Vectors.o
  0x08000A27  EXTI3_IRQHandler                           2  Code  Wk  stm32l432xx_Vectors.o
  0x08000A29  EXTI4_IRQHandler                           2  Code  Wk  stm32l432xx_Vectors.o
  0x08000A2B  DMA1_Channel1_IRQHandler                   2  Code  Wk  stm32l432xx_Vectors.o
  0x08000A2D  DMA1_Channel2_IRQHandler                   2  Code  Wk  stm32l432xx_Vectors.o
  0x08000A2F  DMA1_Channel3_IRQHandler                   2  Code  Wk  stm32l432xx_Vectors.o
  0x08000A31  DMA1_Channel4_IRQHandler                   2  Code  Wk  stm32l432xx_Vectors.o
  0x08000A33  DMA1_Channel5_IRQHandler                   2  Code  Wk  stm32l432xx_Vectors.o
  0x08000A35  DMA1_Channel6_IRQHandler                   2  Code  Wk  stm32l432xx_Vectors.o
  0x08000A37  DMA1_Channel7_IRQHandler                   2  Code  Wk  stm32l432xx_Vectors.o
  0x08000A39  ADC1_IRQHandler                            2  Code  Wk  stm32l432xx_Vectors.o
  0x08000A3B  CAN1_TX_IRQHandler                         2  Code  Wk  stm32l432xx_Vectors.o
  0x08000A3D  CAN1_RX0_IRQHandler                        2  Code  Wk  stm32l432xx_Vectors.o
  0x08000A3F  CAN1_RX1_IRQHandler                        2  Code  Wk  stm32l432xx_Vectors.o
  0x08000A41  CAN1_SCE_IRQHandler                        2  Code  Wk  stm32l432xx_Vectors.o
  0x08000A43  EXTI9_5_IRQHandler                         2  Code  Wk  stm32l432xx_Vectors.o
  0x08000A45  TIM1_BRK_TIM15_IRQHandler                  2  Code  Wk  stm32l432xx_Vectors.o
  0x08000A47  TIM1_UP_TIM16_IRQHandler                   2  Code  Wk  stm32l432xx_Vectors.o
  0x08000A49  TIM1_TRG_COM_IRQHandler                    2  Code  Wk  stm32l432xx_Vectors.o
  0x08000A4B  TIM1_CC_IRQHandler                         2  Code  Wk  stm32l432xx_Vectors.o
  0x08000A4D  TIM2_IRQHandler                            2  Code  Wk  stm32l432xx_Vectors.o
  0x08000A4F  I2C1_EV_IRQHandler                         2  Code  Wk  stm32l432xx_Vectors.o
  0x08000A51  I2C1_ER_IRQHandler                         2  Code  Wk  stm32l432xx_Vectors.o
  0x08000A53  SPI1_IRQHandler                            2  Code  Wk  stm32l432xx_Vectors.o
  0x08000A55  USART1_IRQHandler                          2  Code  Wk  stm32l432xx_Vectors.o
  0x08000A57  USART2_IRQHandler                          2  Code  Wk  stm32l432xx_Vectors.o
  0x08000A59  EXTI15_10_IRQHandler                       2  Code  Wk  stm32l432xx_Vectors.o
  0x08000A5B  RTC_Alarm_IRQHandler                       2  Code  Wk  stm32l432xx_Vectors.o
  0x08000A5D  SPI3_IRQHandler                            2  Code  Wk  stm32l432xx_Vectors.o
  0x08000A5F  TIM6_DAC_IRQHandler                        2  Code  Wk  stm32l432xx_Vectors.o
  0x08000A61  TIM7_IRQHandler                            2  Code  Wk  stm32l432xx_Vectors.o
  0x08000A63  DMA2_Channel1_IRQHandler                   2  Code  Wk  stm32l432xx_Vectors.o
  0x08000A65  DMA2_Channel2_IRQHandler                   2  Code  Wk  stm32l432xx_Vectors.o
  0x08000A67  DMA2_Channel3_IRQHandler                   2  Code  Wk  stm32l432xx_Vectors.o
  0x08000A69  DMA2_Channel4_IRQHandler                   2  Code  Wk  stm32l432xx_Vectors.o
  0x08000A6B  DMA2_Channel5_IRQHandler                   2  Code  Wk  stm32l432xx_Vectors.o
  0x08000A6D  COMP_IRQHandler                            2  Code  Wk  stm32l432xx_Vectors.o
  0x08000A6F  LPTIM1_IRQHandler                          2  Code  Wk  stm32l432xx_Vectors.o
  0x08000A71  LPTIM2_IRQHandler                          2  Code  Wk  stm32l432xx_Vectors.o
  0x08000A73  USB_IRQHandler                             2  Code  Wk  stm32l432xx_Vectors.o
  0x08000A75  DMA2_Channel6_IRQHandler                   2  Code  Wk  stm32l432xx_Vectors.o
  0x08000A77  DMA2_Channel7_IRQHandler                   2  Code  Wk  stm32l432xx_Vectors.o
  0x08000A79  LPUART1_IRQHandler                         2  Code  Wk  stm32l432xx_Vectors.o
  0x08000A7B  QUADSPI_IRQHandler                         2  Code  Wk  stm32l432xx_Vectors.o
  0x08000A7D  I2C3_EV_IRQHandler                         2  Code  Wk  stm32l432xx_Vectors.o
  0x08000A7F  I2C3_ER_IRQHandler                         2  Code  Wk  stm32l432xx_Vectors.o
  0x08000A81  SAI1_IRQHandler                            2  Code  Wk  stm32l432xx_Vectors.o
  0x08000A83  SWPMI1_IRQHandler                          2  Code  Wk  stm32l432xx_Vectors.o
  0x08000A85  TSC_IRQHandler                             2  Code  Wk  stm32l432xx_Vectors.o
  0x08000A87  RNG_IRQHandler                             2  Code  Wk  stm32l432xx_Vectors.o
  0x08000A89  FPU_IRQHandler                             2  Code  Wk  stm32l432xx_Vectors.o
  0x08000A8B  CRS_IRQHandler                             2  Code  Wk  stm32l432xx_Vectors.o
  0x08000A8D  initTIMdelay                       56      2  Code  Gb  STM32L432KC_TIM.o
  0x08000AC5  pitch                              92      2  Code  Gb  STM32L432KC_TIM.o
  0x08000B21  ms_delay                           44      2  Code  Gb  main.o
  0x08000B4D  reset_handler                              2  Code  Gb  STM32L4xx_Startup.o
  0x08000B4D  Reset_Handler                              2  Code  Gb  STM32L4xx_Startup.o
  0x08000B69  __SEGGER_init_ctors                24      4  Code  Wk  SEGGER_crtinit_v7em_little.o
  0x08000BA5  __SEGGER_init_copy                 20      2  Code  Wk  SEGGER_crtinit_v7em_little.o

Function symbols by descending size:

  Symbol name                      Size  Align  Type  Bd  Object File
  -------------------------  ----------  -----  ----  --  -----------
  SystemCoreClockUpdate             340      4  Code  Gb  system_stm32l4xx.o
  pinMode                           196      4  Code  Gb  STM32L432KC_GPIO.o
  configurePLL                      160      4  Code  Gb  STM32L432KC_RCC.o
  initTIMpwm                        156      4  Code  Gb  STM32L432KC_TIM.o
  configureClock                    104      4  Code  Gb  STM32L432KC_RCC.o
  main                               96      4  Code  Gb  main.o
  pitch                              92      2  Code  Gb  STM32L432KC_TIM.o
  SystemInit                         88      4  Code  Gb  system_stm32l4xx.o
  initTIMdelay                       56      2  Code  Gb  STM32L432KC_TIM.o
  ms_delay                           44      2  Code  Gb  main.o
  configureFlash                     32      4  Code  Gb  STM32L432KC_FLASH.o
  __SEGGER_init_ctors                24      4  Code  Wk  SEGGER_crtinit_v7em_little.o
  __SEGGER_init_copy                 20      2  Code  Wk  SEGGER_crtinit_v7em_little.o
  _start                             14      4  Code  Gb  SEGGER_THUMB_Startup.o
  exit                                2      4  Code  Gb  SEGGER_THUMB_Startup.o
  ADC1_IRQHandler                            2  Code  Wk  stm32l432xx_Vectors.o
  BusFault_Handler                           2  Code  Wk  stm32l432xx_Vectors.o
  CAN1_RX0_IRQHandler                        2  Code  Wk  stm32l432xx_Vectors.o
  CAN1_RX1_IRQHandler                        2  Code  Wk  stm32l432xx_Vectors.o
  CAN1_SCE_IRQHandler                        2  Code  Wk  stm32l432xx_Vectors.o
  CAN1_TX_IRQHandler                         2  Code  Wk  stm32l432xx_Vectors.o
  COMP_IRQHandler                            2  Code  Wk  stm32l432xx_Vectors.o
  CRS_IRQHandler                             2  Code  Wk  stm32l432xx_Vectors.o
  DMA1_Channel1_IRQHandler                   2  Code  Wk  stm32l432xx_Vectors.o
  DMA1_Channel2_IRQHandler                   2  Code  Wk  stm32l432xx_Vectors.o
  DMA1_Channel3_IRQHandler                   2  Code  Wk  stm32l432xx_Vectors.o
  DMA1_Channel4_IRQHandler                   2  Code  Wk  stm32l432xx_Vectors.o
  DMA1_Channel5_IRQHandler                   2  Code  Wk  stm32l432xx_Vectors.o
  DMA1_Channel6_IRQHandler                   2  Code  Wk  stm32l432xx_Vectors.o
  DMA1_Channel7_IRQHandler                   2  Code  Wk  stm32l432xx_Vectors.o
  DMA2_Channel1_IRQHandler                   2  Code  Wk  stm32l432xx_Vectors.o
  DMA2_Channel2_IRQHandler                   2  Code  Wk  stm32l432xx_Vectors.o
  DMA2_Channel3_IRQHandler                   2  Code  Wk  stm32l432xx_Vectors.o
  DMA2_Channel4_IRQHandler                   2  Code  Wk  stm32l432xx_Vectors.o
  DMA2_Channel5_IRQHandler                   2  Code  Wk  stm32l432xx_Vectors.o
  DMA2_Channel6_IRQHandler                   2  Code  Wk  stm32l432xx_Vectors.o
  DMA2_Channel7_IRQHandler                   2  Code  Wk  stm32l432xx_Vectors.o
  DebugMon_Handler                           2  Code  Wk  stm32l432xx_Vectors.o
  EXTI0_IRQHandler                           2  Code  Wk  stm32l432xx_Vectors.o
  EXTI15_10_IRQHandler                       2  Code  Wk  stm32l432xx_Vectors.o
  EXTI1_IRQHandler                           2  Code  Wk  stm32l432xx_Vectors.o
  EXTI2_IRQHandler                           2  Code  Wk  stm32l432xx_Vectors.o
  EXTI3_IRQHandler                           2  Code  Wk  stm32l432xx_Vectors.o
  EXTI4_IRQHandler                           2  Code  Wk  stm32l432xx_Vectors.o
  EXTI9_5_IRQHandler                         2  Code  Wk  stm32l432xx_Vectors.o
  FLASH_IRQHandler                           2  Code  Wk  stm32l432xx_Vectors.o
  FPU_IRQHandler                             2  Code  Wk  stm32l432xx_Vectors.o
  HardFault_Handler                          4  Code  Wk  STM32L4xx_Startup.o
  I2C1_ER_IRQHandler                         2  Code  Wk  stm32l432xx_Vectors.o
  I2C1_EV_IRQHandler                         2  Code  Wk  stm32l432xx_Vectors.o
  I2C3_ER_IRQHandler                         2  Code  Wk  stm32l432xx_Vectors.o
  I2C3_EV_IRQHandler                         2  Code  Wk  stm32l432xx_Vectors.o
  LPTIM1_IRQHandler                          2  Code  Wk  stm32l432xx_Vectors.o
  LPTIM2_IRQHandler                          2  Code  Wk  stm32l432xx_Vectors.o
  LPUART1_IRQHandler                         2  Code  Wk  stm32l432xx_Vectors.o
  MemManage_Handler                          2  Code  Wk  stm32l432xx_Vectors.o
  NMI_Handler                                2  Code  Wk  stm32l432xx_Vectors.o
  PVD_PVM_IRQHandler                         2  Code  Wk  stm32l432xx_Vectors.o
  PendSV_Handler                             2  Code  Wk  stm32l432xx_Vectors.o
  QUADSPI_IRQHandler                         2  Code  Wk  stm32l432xx_Vectors.o
  RCC_IRQHandler                             2  Code  Wk  stm32l432xx_Vectors.o
  RNG_IRQHandler                             2  Code  Wk  stm32l432xx_Vectors.o
  RTC_Alarm_IRQHandler                       2  Code  Wk  stm32l432xx_Vectors.o
  RTC_WKUP_IRQHandler                        2  Code  Wk  stm32l432xx_Vectors.o
  Reset_Handler                              2  Code  Gb  STM32L4xx_Startup.o
  SAI1_IRQHandler                            2  Code  Wk  stm32l432xx_Vectors.o
  SPI1_IRQHandler                            2  Code  Wk  stm32l432xx_Vectors.o
  SPI3_IRQHandler                            2  Code  Wk  stm32l432xx_Vectors.o
  SVC_Handler                                2  Code  Wk  stm32l432xx_Vectors.o
  SWPMI1_IRQHandler                          2  Code  Wk  stm32l432xx_Vectors.o
  SysTick_Handler                            2  Code  Wk  stm32l432xx_Vectors.o
  TAMP_STAMP_IRQHandler                      2  Code  Wk  stm32l432xx_Vectors.o
  TIM1_BRK_TIM15_IRQHandler                  2  Code  Wk  stm32l432xx_Vectors.o
  TIM1_CC_IRQHandler                         2  Code  Wk  stm32l432xx_Vectors.o
  TIM1_TRG_COM_IRQHandler                    2  Code  Wk  stm32l432xx_Vectors.o
  TIM1_UP_TIM16_IRQHandler                   2  Code  Wk  stm32l432xx_Vectors.o
  TIM2_IRQHandler                            2  Code  Wk  stm32l432xx_Vectors.o
  TIM6_DAC_IRQHandler                        2  Code  Wk  stm32l432xx_Vectors.o
  TIM7_IRQHandler                            2  Code  Wk  stm32l432xx_Vectors.o
  TSC_IRQHandler                             2  Code  Wk  stm32l432xx_Vectors.o
  USART1_IRQHandler                          2  Code  Wk  stm32l432xx_Vectors.o
  USART2_IRQHandler                          2  Code  Wk  stm32l432xx_Vectors.o
  USB_IRQHandler                             2  Code  Wk  stm32l432xx_Vectors.o
  UsageFault_Handler                         2  Code  Wk  stm32l432xx_Vectors.o
  WWDG_IRQHandler                            2  Code  Wk  stm32l432xx_Vectors.o
  __SEGGER_init_done                         4  Code  Gb  SEGGER_THUMB_Startup.o
  __startup_complete                         4  Code  Gb  SEGGER_THUMB_Startup.o
  reset_handler                              2  Code  Gb  STM32L4xx_Startup.o

Read-write data symbols by name:

  Symbol name                   Address        Size  Align  Type  Bd  Object File
  -------------------------  ----------  ----------  -----  ----  --  -----------
  SystemCoreClock            0x10000000           4      4  Init  Gb  system_stm32l4xx.o

Read-write data symbols by address:

     Address  Symbol name                      Size  Align  Type  Bd  Object File
  ----------  -------------------------  ----------  -----  ----  --  -----------
  0x10000000  SystemCoreClock                     4      4  Init  Gb  system_stm32l4xx.o

Read-write data symbols by descending size:

  Symbol name                      Size  Align  Type  Bd  Object File
  -------------------------  ----------  -----  ----  --  -----------
  SystemCoreClock                     4      4  Init  Gb  system_stm32l4xx.o

Read-only data symbols by name:

  Symbol name                   Address        Size  Align  Type  Bd  Object File
  -------------------------  ----------  ----------  -----  ----  --  -----------
  AHBPrescTable              0x0800018C          16      4  Cnst  Gb  system_stm32l4xx.o
  MSIRangeTable              0x0800019C          48      4  Cnst  Gb  system_stm32l4xx.o
  __SEGGER_init_data__       0x08000BA0         [4]      4  Cnst  Lc  [ Linker created ]
  __SEGGER_init_table__      0x08000B88        [24]      4  Cnst  Lc  [ Linker created ]
  notes                      0x08000600         872      4  Cnst  Gb  main.o

Read-only data symbols by address:

     Address  Symbol name                      Size  Align  Type  Bd  Object File
  ----------  -------------------------  ----------  -----  ----  --  -----------
  0x0800018C  AHBPrescTable                      16      4  Cnst  Gb  system_stm32l4xx.o
  0x0800019C  MSIRangeTable                      48      4  Cnst  Gb  system_stm32l4xx.o
  0x08000600  notes                             872      4  Cnst  Gb  main.o
  0x08000B88  __SEGGER_init_table__            [24]      4  Cnst  Lc  [ Linker created ]
  0x08000BA0  __SEGGER_init_data__              [4]      4  Cnst  Lc  [ Linker created ]

Untyped symbols by name:

  Symbol name                     Value        Size  Align  Type  Bd  Object File
  -------------------------  ----------  ----------  -----  ----  --  -----------
  __FLASH1_segment_end__     0x08040000                     ----  Gb  [ Linker created ]
  __FLASH1_segment_size__    0x00040000                     ----  Gb  [ Linker created ]
  __FLASH1_segment_start__   0x08000000                     ----  Gb  [ Linker created ]
  __FLASH1_segment_used_end__
                             0x08000BB8                     ----  Gb  [ Linker created ]
  __FLASH1_segment_used_size__
                             0x00000BB8                     ----  Gb  [ Linker created ]
  __FLASH1_segment_used_start__
                             0x08000000                     ----  Gb  [ Linker created ]
  __FLASH_segment_end__      0x08040000                     ----  Gb  [ Linker created ]
  __FLASH_segment_size__     0x00040000                     ----  Gb  [ Linker created ]
  __FLASH_segment_start__    0x08000000                     ----  Gb  [ Linker created ]
  __FLASH_segment_used_end__
                             0x08000BB8                     ----  Gb  [ Linker created ]
  __FLASH_segment_used_size__
                             0x00000BB8                     ----  Gb  [ Linker created ]
  __FLASH_segment_used_start__
                             0x08000000                     ----  Gb  [ Linker created ]
  __HEAPSIZE__               0x00000000                     ----  Gb  [ Linker created ]
  __RAM1_segment_end__       0x10004000                     ----  Gb  [ Linker created ]
  __RAM1_segment_size__      0x00004000                     ----  Gb  [ Linker created ]
  __RAM1_segment_start__     0x10000000                     ----  Gb  [ Linker created ]
  __RAM1_segment_used_end__  0x10000004                     ----  Gb  [ Linker created ]
  __RAM1_segment_used_size__
                             0x00000004                     ----  Gb  [ Linker created ]
  __RAM1_segment_used_start__
                             0x10000000                     ----  Gb  [ Linker created ]
  __RAM2_segment_end__       0x2000C000                     ----  Gb  [ Linker created ]
  __RAM2_segment_size__      0x0000C000                     ----  Gb  [ Linker created ]
  __RAM2_segment_start__     0x20000000                     ----  Gb  [ Linker created ]
  __RAM2_segment_used_end__  0x2000C000                     ----  Gb  [ Linker created ]
  __RAM2_segment_used_size__
                             0x00000800                     ----  Gb  [ Linker created ]
  __RAM2_segment_used_start__
                             0x2000B800                     ----  Gb  [ Linker created ]
  __RAM_segment_end__        0x2000C000                     ----  Gb  [ Linker created ]
  __RAM_segment_size__       0x1000C000                     ----  Gb  [ Linker created ]
  __RAM_segment_start__      0x10000000                     ----  Gb  [ Linker created ]
  __RAM_segment_used_end__   0x2000C000                     ----  Gb  [ Linker created ]
  __RAM_segment_used_size__  0x1000C000                     ----  Gb  [ Linker created ]
  __RAM_segment_used_start__
                             0x10000000                     ----  Gb  [ Linker created ]
  __STACKSIZE_PROCESS__      0x00000000                     ----  Gb  [ Linker created ]
  __STACKSIZE__              0x00000800                     ----  Gb  [ Linker created ]
  __ctors_end__              0x08000B68                     ----  Gb  [ Linker created ]
  __ctors_start__            0x08000B64                     ----  Gb  [ Linker created ]
  __stack_end__              0x2000C000                     ----  Gb  [ Linker created ]
  __thread_pointer$          0x00000000                     ----  Gb  [ Linker created ]
  _vectors                   0x08000000       [396]    512  Code  Gb  stm32l432xx_Vectors.o
  _vectors_end               0x0800018C                512  Code  Lc  stm32l432xx_Vectors.o

Untyped symbols by address:

       Value  Symbol name                      Size  Align  Type  Bd  Object File
  ----------  -------------------------  ----------  -----  ----  --  -----------
  0x00000000  __thread_pointer$                             ----  Gb  [ Linker created ]
  0x00000000  __STACKSIZE_PROCESS__                         ----  Gb  [ Linker created ]
  0x00000000  __HEAPSIZE__                                  ----  Gb  [ Linker created ]
  0x00000004  __RAM1_segment_used_size__
                                                            ----  Gb  [ Linker created ]
  0x00000800  __STACKSIZE__                                 ----  Gb  [ Linker created ]
  0x00000800  __RAM2_segment_used_size__
                                                            ----  Gb  [ Linker created ]
  0x00000BB8  __FLASH_segment_used_size__
                                                            ----  Gb  [ Linker created ]
  0x00000BB8  __FLASH1_segment_used_size__
                                                            ----  Gb  [ Linker created ]
  0x00004000  __RAM1_segment_size__                         ----  Gb  [ Linker created ]
  0x0000C000  __RAM2_segment_size__                         ----  Gb  [ Linker created ]
  0x00040000  __FLASH_segment_size__                        ----  Gb  [ Linker created ]
  0x00040000  __FLASH1_segment_size__                       ----  Gb  [ Linker created ]
  0x08000000  _vectors                        [396]    512  Code  Gb  stm32l432xx_Vectors.o
  0x08000000  __FLASH_segment_used_start__
                                                            ----  Gb  [ Linker created ]
  0x08000000  __FLASH_segment_start__                       ----  Gb  [ Linker created ]
  0x08000000  __FLASH1_segment_used_start__
                                                            ----  Gb  [ Linker created ]
  0x08000000  __FLASH1_segment_start__                      ----  Gb  [ Linker created ]
  0x0800018C  _vectors_end                             512  Code  Lc  stm32l432xx_Vectors.o
  0x08000B64  __ctors_start__                               ----  Gb  [ Linker created ]
  0x08000B68  __ctors_end__                                 ----  Gb  [ Linker created ]
  0x08000BB8  __FLASH_segment_used_end__
                                                            ----  Gb  [ Linker created ]
  0x08000BB8  __FLASH1_segment_used_end__
                                                            ----  Gb  [ Linker created ]
  0x08040000  __FLASH_segment_end__                         ----  Gb  [ Linker created ]
  0x08040000  __FLASH1_segment_end__                        ----  Gb  [ Linker created ]
  0x10000000  __RAM_segment_used_start__
                                                            ----  Gb  [ Linker created ]
  0x10000000  __RAM_segment_start__                         ----  Gb  [ Linker created ]
  0x10000000  __RAM1_segment_used_start__
                                                            ----  Gb  [ Linker created ]
  0x10000000  __RAM1_segment_start__                        ----  Gb  [ Linker created ]
  0x10000004  __RAM1_segment_used_end__                     ----  Gb  [ Linker created ]
  0x10004000  __RAM1_segment_end__                          ----  Gb  [ Linker created ]
  0x1000C000  __RAM_segment_used_size__                     ----  Gb  [ Linker created ]
  0x1000C000  __RAM_segment_size__                          ----  Gb  [ Linker created ]
  0x20000000  __RAM2_segment_start__                        ----  Gb  [ Linker created ]
  0x2000B800  __RAM2_segment_used_start__
                                                            ----  Gb  [ Linker created ]
  0x2000C000  __stack_end__                                 ----  Gb  [ Linker created ]
  0x2000C000  __RAM_segment_used_end__                      ----  Gb  [ Linker created ]
  0x2000C000  __RAM_segment_end__                           ----  Gb  [ Linker created ]
  0x2000C000  __RAM2_segment_used_end__                     ----  Gb  [ Linker created ]
  0x2000C000  __RAM2_segment_end__                          ----  Gb  [ Linker created ]


***********************************************************************************************
***                                                                                         ***
***                                      LINK SUMMARY                                       ***
***                                                                                         ***
***********************************************************************************************

Memory breakdown:

    2 032 bytes read-only  code    + 
      964 bytes read-only  data    =   2 996 bytes read-only (total)
    2 052 bytes read-write data

Region summary:

  Name        Range                     Size                 Used               Unused       Alignment Loss
  ----------  -----------------  -----------  -------------------  -------------------  -------------------
  FLASH       08000000-0803ffff      262 144        3 000   1.14%      259 144  98.86%            0   0.00%
  RAM1        10000000-10003fff       16 384            4   0.02%       16 380  99.98%            0   0.00%
  RAM2        20000000-2000bfff       49 152        2 048   4.17%       47 104  95.83%            0   0.00%

Link complete: 0 errors, 0 warnings, 0 remarks
