***********************************************************************************************
***                                                                                         ***
***                                    LINK INFORMATION                                     ***
***                                                                                         ***
***********************************************************************************************

Linker version:

  SEGGER ARM Linker 4.34.2 compiled Aug 15 2022 23:27:03
  Copyright (c) 2017-2022 SEGGER Microcontroller GmbH    www.segger.com


***********************************************************************************************
***                                                                                         ***
***                                     MODULE SUMMARY                                      ***
***                                                                                         ***
***********************************************************************************************

Memory use by input file:

  Object File                                       RX Code     RO Data     RW Data     ZI Data
  ---------------------------------------------  ----------  ----------  ----------  ----------
  main.o                                                172         872                        
  SEGGER_crtinit_v7em_little.o                           52                                    
  SEGGER_THUMB_Startup.o                                 20                                    
  STM32L432KC_GPIO.o                                    216                                    
  STM32L432KC_TIM.o                                     294                                    
  stm32l432xx_Vectors.o                                 532                                    
  STM32L4xx_Startup.o                                    64                                    
  system_stm32l4xx.o                                    428          64           4            
  ---------------------------------------------  ----------  ----------  ----------  ----------
  Subtotal (8 objects)                                1 778         936           4            
  ---------------------------------------------  ----------  ----------  ----------  ----------
  Linker created (shared data, fills, blocks):                       28                   2 048
  =============================================  ==========  ==========  ==========  ==========
  Total:                                              1 778         964           4       2 048
  =============================================  ==========  ==========  ==========  ==========

Memory use by archive member:

Memory use by linker:

  Description                                       RX Code     RO Data     RW Data     ZI Data
  ---------------------------------------------  ----------  ----------  ----------  ----------
  Initialization table                                               28                        
  Memory for block 'stack'                                                                2 048
  ---------------------------------------------  ----------  ----------  ----------  ----------
  Subtotal (linker created):                                         28                   2 048
  ---------------------------------------------  ----------  ----------  ----------  ----------
  Objects (8 files)                                   1 778         936           4            
  =============================================  ==========  ==========  ==========  ==========
  Total:                                              1 778         964           4       2 048
  =============================================  ==========  ==========  ==========  ==========


***********************************************************************************************
***                                                                                         ***
***                                     SECTION DETAIL                                      ***
***                                                                                         ***
***********************************************************************************************

Sections by address:

  Range              Symbol or [section] Name         Size  Al  Init  Ac  Object File
  -----------------  -------------------------  ----------  --  ----  --  -----------
  08000000-0800018b  _vectors                          396  512
                                                                Code  RX  stm32l432xx_Vectors.o
  0800018c-0800019b  AHBPrescTable                      16   4  Cnst  RO  system_stm32l4xx.o
  0800019c-080001cb  MSIRangeTable                      48   4  Cnst  RO  system_stm32l4xx.o
  080001cc-08000223  SystemInit                         88   4  Code  RX  system_stm32l4xx.o
  08000224-08000377  SystemCoreClockUpdate             340   4  Code  RX  system_stm32l4xx.o
  08000378-0800044f  pinMode                           216   4  Code  RX  STM32L432KC_GPIO.o
  08000450-08000483  pitch                              52   4  Code  RX  STM32L432KC_TIM.o
  08000484-080007eb  notes                             872   4  Cnst  RO  main.o
  080007ec-08000897  main                              172   4  Code  RX  main.o
  08000898-080008ab  _start                             20   4  Code  RX  SEGGER_THUMB_Startup.o
  080008ac-080008d3  HardFault_Handler                  40   4  Code  RX  STM32L4xx_Startup.o
  080008d4-080008fd  initTIMdelay                       42   2  Code  RX  STM32L432KC_TIM.o
  080008fe-0800098b  initTIMpwm                        142   2  Code  RX  STM32L432KC_TIM.o
  0800098c-080009c5  delay_millis                       58   2  Code  RX  STM32L432KC_TIM.o
  080009c6-080009c7  NMI_Handler                         2   2  Code  RX  stm32l432xx_Vectors.o
  080009c8-080009c9  MemManage_Handler                   2   2  Code  RX  stm32l432xx_Vectors.o
  080009ca-080009cb  BusFault_Handler                    2   2  Code  RX  stm32l432xx_Vectors.o
  080009cc-080009cd  UsageFault_Handler                  2   2  Code  RX  stm32l432xx_Vectors.o
  080009ce-080009cf  SVC_Handler                         2   2  Code  RX  stm32l432xx_Vectors.o
  080009d0-080009d1  DebugMon_Handler                    2   2  Code  RX  stm32l432xx_Vectors.o
  080009d2-080009d3  PendSV_Handler                      2   2  Code  RX  stm32l432xx_Vectors.o
  080009d4-080009d5  SysTick_Handler                     2   2  Code  RX  stm32l432xx_Vectors.o
  080009d6-080009d7  WWDG_IRQHandler                     2   2  Code  RX  stm32l432xx_Vectors.o
  080009d8-080009d9  PVD_PVM_IRQHandler                  2   2  Code  RX  stm32l432xx_Vectors.o
  080009da-080009db  TAMP_STAMP_IRQHandler               2   2  Code  RX  stm32l432xx_Vectors.o
  080009dc-080009dd  RTC_WKUP_IRQHandler                 2   2  Code  RX  stm32l432xx_Vectors.o
  080009de-080009df  FLASH_IRQHandler                    2   2  Code  RX  stm32l432xx_Vectors.o
  080009e0-080009e1  RCC_IRQHandler                      2   2  Code  RX  stm32l432xx_Vectors.o
  080009e2-080009e3  EXTI0_IRQHandler                    2   2  Code  RX  stm32l432xx_Vectors.o
  080009e4-080009e5  EXTI1_IRQHandler                    2   2  Code  RX  stm32l432xx_Vectors.o
  080009e6-080009e7  EXTI2_IRQHandler                    2   2  Code  RX  stm32l432xx_Vectors.o
  080009e8-080009e9  EXTI3_IRQHandler                    2   2  Code  RX  stm32l432xx_Vectors.o
  080009ea-080009eb  EXTI4_IRQHandler                    2   2  Code  RX  stm32l432xx_Vectors.o
  080009ec-080009ed  DMA1_Channel1_IRQHandler            2   2  Code  RX  stm32l432xx_Vectors.o
  080009ee-080009ef  DMA1_Channel2_IRQHandler            2   2  Code  RX  stm32l432xx_Vectors.o
  080009f0-080009f1  DMA1_Channel3_IRQHandler            2   2  Code  RX  stm32l432xx_Vectors.o
  080009f2-080009f3  DMA1_Channel4_IRQHandler            2   2  Code  RX  stm32l432xx_Vectors.o
  080009f4-080009f5  DMA1_Channel5_IRQHandler            2   2  Code  RX  stm32l432xx_Vectors.o
  080009f6-080009f7  DMA1_Channel6_IRQHandler            2   2  Code  RX  stm32l432xx_Vectors.o
  080009f8-080009f9  DMA1_Channel7_IRQHandler            2   2  Code  RX  stm32l432xx_Vectors.o
  080009fa-080009fb  ADC1_IRQHandler                     2   2  Code  RX  stm32l432xx_Vectors.o
  080009fc-080009fd  CAN1_TX_IRQHandler                  2   2  Code  RX  stm32l432xx_Vectors.o
  080009fe-080009ff  CAN1_RX0_IRQHandler                 2   2  Code  RX  stm32l432xx_Vectors.o
  08000a00-08000a01  CAN1_RX1_IRQHandler                 2   2  Code  RX  stm32l432xx_Vectors.o
  08000a02-08000a03  CAN1_SCE_IRQHandler                 2   2  Code  RX  stm32l432xx_Vectors.o
  08000a04-08000a05  EXTI9_5_IRQHandler                  2   2  Code  RX  stm32l432xx_Vectors.o
  08000a06-08000a07  TIM1_BRK_TIM15_IRQHandler           2   2  Code  RX  stm32l432xx_Vectors.o
  08000a08-08000a09  TIM1_UP_TIM16_IRQHandler            2   2  Code  RX  stm32l432xx_Vectors.o
  08000a0a-08000a0b  TIM1_TRG_COM_IRQHandler             2   2  Code  RX  stm32l432xx_Vectors.o
  08000a0c-08000a0d  TIM1_CC_IRQHandler                  2   2  Code  RX  stm32l432xx_Vectors.o
  08000a0e-08000a0f  TIM2_IRQHandler                     2   2  Code  RX  stm32l432xx_Vectors.o
  08000a10-08000a11  I2C1_EV_IRQHandler                  2   2  Code  RX  stm32l432xx_Vectors.o
  08000a12-08000a13  I2C1_ER_IRQHandler                  2   2  Code  RX  stm32l432xx_Vectors.o
  08000a14-08000a15  SPI1_IRQHandler                     2   2  Code  RX  stm32l432xx_Vectors.o
  08000a16-08000a17  USART1_IRQHandler                   2   2  Code  RX  stm32l432xx_Vectors.o
  08000a18-08000a19  USART2_IRQHandler                   2   2  Code  RX  stm32l432xx_Vectors.o
  08000a1a-08000a1b  EXTI15_10_IRQHandler                2   2  Code  RX  stm32l432xx_Vectors.o
  08000a1c-08000a1d  RTC_Alarm_IRQHandler                2   2  Code  RX  stm32l432xx_Vectors.o
  08000a1e-08000a1f  SPI3_IRQHandler                     2   2  Code  RX  stm32l432xx_Vectors.o
  08000a20-08000a21  TIM6_DAC_IRQHandler                 2   2  Code  RX  stm32l432xx_Vectors.o
  08000a22-08000a23  TIM7_IRQHandler                     2   2  Code  RX  stm32l432xx_Vectors.o
  08000a24-08000a25  DMA2_Channel1_IRQHandler            2   2  Code  RX  stm32l432xx_Vectors.o
  08000a26-08000a27  DMA2_Channel2_IRQHandler            2   2  Code  RX  stm32l432xx_Vectors.o
  08000a28-08000a29  DMA2_Channel3_IRQHandler            2   2  Code  RX  stm32l432xx_Vectors.o
  08000a2a-08000a2b  DMA2_Channel4_IRQHandler            2   2  Code  RX  stm32l432xx_Vectors.o
  08000a2c-08000a2d  DMA2_Channel5_IRQHandler            2   2  Code  RX  stm32l432xx_Vectors.o
  08000a2e-08000a2f  COMP_IRQHandler                     2   2  Code  RX  stm32l432xx_Vectors.o
  08000a30-08000a31  LPTIM1_IRQHandler                   2   2  Code  RX  stm32l432xx_Vectors.o
  08000a32-08000a33  LPTIM2_IRQHandler                   2   2  Code  RX  stm32l432xx_Vectors.o
  08000a34-08000a35  USB_IRQHandler                      2   2  Code  RX  stm32l432xx_Vectors.o
  08000a36-08000a37  DMA2_Channel6_IRQHandler            2   2  Code  RX  stm32l432xx_Vectors.o
  08000a38-08000a39  DMA2_Channel7_IRQHandler            2   2  Code  RX  stm32l432xx_Vectors.o
  08000a3a-08000a3b  LPUART1_IRQHandler                  2   2  Code  RX  stm32l432xx_Vectors.o
  08000a3c-08000a3d  QUADSPI_IRQHandler                  2   2  Code  RX  stm32l432xx_Vectors.o
  08000a3e-08000a3f  I2C3_EV_IRQHandler                  2   2  Code  RX  stm32l432xx_Vectors.o
  08000a40-08000a41  I2C3_ER_IRQHandler                  2   2  Code  RX  stm32l432xx_Vectors.o
  08000a42-08000a43  SAI1_IRQHandler                     2   2  Code  RX  stm32l432xx_Vectors.o
  08000a44-08000a45  SWPMI1_IRQHandler                   2   2  Code  RX  stm32l432xx_Vectors.o
  08000a46-08000a47  TSC_IRQHandler                      2   2  Code  RX  stm32l432xx_Vectors.o
  08000a48-08000a49  RNG_IRQHandler                      2   2  Code  RX  stm32l432xx_Vectors.o
  08000a4a-08000a4b  FPU_IRQHandler                      2   2  Code  RX  stm32l432xx_Vectors.o
  08000a4c-08000a4d  CRS_IRQHandler                      2   2  Code  RX  stm32l432xx_Vectors.o
  08000a4e-08000a65  reset_handler                      24   2  Code  RX  STM32L4xx_Startup.o
  08000a66-08000a67  ( UNUSED .=.+2 )                    2   -  ----  -   -
  08000a68-08000a6b  [.init_array]                       4   4  ----  --  STM32L4xx_Startup.o
  08000a6c-08000a8b  __SEGGER_init_ctors                32   4  Code  RX  SEGGER_crtinit_v7em_little.o
  08000a8c-08000aa3  __SEGGER_init_table__              24   4  Cnst  RO  [ Linker created ]
  08000aa4-08000aa7  __SEGGER_init_data__                4   4  Cnst  RO  [ Linker created ]
  08000aa8-08000abb  __SEGGER_init_copy                 20   2  Code  RX  SEGGER_crtinit_v7em_little.o
  08000abc-0fffffff  ( UNUSED .=.+134214980 )   134 214 980
                                                             -  ----  -   -
  10000000-10000003  SystemCoreClock                     4   4  Init  RW  system_stm32l4xx.o
  10000004-2000b7ff  ( UNUSED .=.+268482556 )   268 482 556
                                                             -  ----  -   -
  2000b800-2000bfff  [.bss.block.stack]              2 048   8  None  ZI  [ Linker created ]


***********************************************************************************************
***                                                                                         ***
***                                       SYMBOL LIST                                       ***
***                                                                                         ***
***********************************************************************************************

Function symbols by name:

  Symbol name                   Address        Size  Align  Type  Bd  Object File
  -------------------------  ----------  ----------  -----  ----  --  -----------
  ADC1_IRQHandler            0x080009FB                  2  Code  Wk  stm32l432xx_Vectors.o
  BusFault_Handler           0x080009CB                  2  Code  Wk  stm32l432xx_Vectors.o
  CAN1_RX0_IRQHandler        0x080009FF                  2  Code  Wk  stm32l432xx_Vectors.o
  CAN1_RX1_IRQHandler        0x08000A01                  2  Code  Wk  stm32l432xx_Vectors.o
  CAN1_SCE_IRQHandler        0x08000A03                  2  Code  Wk  stm32l432xx_Vectors.o
  CAN1_TX_IRQHandler         0x080009FD                  2  Code  Wk  stm32l432xx_Vectors.o
  COMP_IRQHandler            0x08000A2F                  2  Code  Wk  stm32l432xx_Vectors.o
  CRS_IRQHandler             0x08000A4D                  2  Code  Wk  stm32l432xx_Vectors.o
  DMA1_Channel1_IRQHandler   0x080009ED                  2  Code  Wk  stm32l432xx_Vectors.o
  DMA1_Channel2_IRQHandler   0x080009EF                  2  Code  Wk  stm32l432xx_Vectors.o
  DMA1_Channel3_IRQHandler   0x080009F1                  2  Code  Wk  stm32l432xx_Vectors.o
  DMA1_Channel4_IRQHandler   0x080009F3                  2  Code  Wk  stm32l432xx_Vectors.o
  DMA1_Channel5_IRQHandler   0x080009F5                  2  Code  Wk  stm32l432xx_Vectors.o
  DMA1_Channel6_IRQHandler   0x080009F7                  2  Code  Wk  stm32l432xx_Vectors.o
  DMA1_Channel7_IRQHandler   0x080009F9                  2  Code  Wk  stm32l432xx_Vectors.o
  DMA2_Channel1_IRQHandler   0x08000A25                  2  Code  Wk  stm32l432xx_Vectors.o
  DMA2_Channel2_IRQHandler   0x08000A27                  2  Code  Wk  stm32l432xx_Vectors.o
  DMA2_Channel3_IRQHandler   0x08000A29                  2  Code  Wk  stm32l432xx_Vectors.o
  DMA2_Channel4_IRQHandler   0x08000A2B                  2  Code  Wk  stm32l432xx_Vectors.o
  DMA2_Channel5_IRQHandler   0x08000A2D                  2  Code  Wk  stm32l432xx_Vectors.o
  DMA2_Channel6_IRQHandler   0x08000A37                  2  Code  Wk  stm32l432xx_Vectors.o
  DMA2_Channel7_IRQHandler   0x08000A39                  2  Code  Wk  stm32l432xx_Vectors.o
  DebugMon_Handler           0x080009D1                  2  Code  Wk  stm32l432xx_Vectors.o
  EXTI0_IRQHandler           0x080009E3                  2  Code  Wk  stm32l432xx_Vectors.o
  EXTI15_10_IRQHandler       0x08000A1B                  2  Code  Wk  stm32l432xx_Vectors.o
  EXTI1_IRQHandler           0x080009E5                  2  Code  Wk  stm32l432xx_Vectors.o
  EXTI2_IRQHandler           0x080009E7                  2  Code  Wk  stm32l432xx_Vectors.o
  EXTI3_IRQHandler           0x080009E9                  2  Code  Wk  stm32l432xx_Vectors.o
  EXTI4_IRQHandler           0x080009EB                  2  Code  Wk  stm32l432xx_Vectors.o
  EXTI9_5_IRQHandler         0x08000A05                  2  Code  Wk  stm32l432xx_Vectors.o
  FLASH_IRQHandler           0x080009DF                  2  Code  Wk  stm32l432xx_Vectors.o
  FPU_IRQHandler             0x08000A4B                  2  Code  Wk  stm32l432xx_Vectors.o
  HardFault_Handler          0x080008AD                  4  Code  Wk  STM32L4xx_Startup.o
  I2C1_ER_IRQHandler         0x08000A13                  2  Code  Wk  stm32l432xx_Vectors.o
  I2C1_EV_IRQHandler         0x08000A11                  2  Code  Wk  stm32l432xx_Vectors.o
  I2C3_ER_IRQHandler         0x08000A41                  2  Code  Wk  stm32l432xx_Vectors.o
  I2C3_EV_IRQHandler         0x08000A3F                  2  Code  Wk  stm32l432xx_Vectors.o
  LPTIM1_IRQHandler          0x08000A31                  2  Code  Wk  stm32l432xx_Vectors.o
  LPTIM2_IRQHandler          0x08000A33                  2  Code  Wk  stm32l432xx_Vectors.o
  LPUART1_IRQHandler         0x08000A3B                  2  Code  Wk  stm32l432xx_Vectors.o
  MemManage_Handler          0x080009C9                  2  Code  Wk  stm32l432xx_Vectors.o
  NMI_Handler                0x080009C7                  2  Code  Wk  stm32l432xx_Vectors.o
  PVD_PVM_IRQHandler         0x080009D9                  2  Code  Wk  stm32l432xx_Vectors.o
  PendSV_Handler             0x080009D3                  2  Code  Wk  stm32l432xx_Vectors.o
  QUADSPI_IRQHandler         0x08000A3D                  2  Code  Wk  stm32l432xx_Vectors.o
  RCC_IRQHandler             0x080009E1                  2  Code  Wk  stm32l432xx_Vectors.o
  RNG_IRQHandler             0x08000A49                  2  Code  Wk  stm32l432xx_Vectors.o
  RTC_Alarm_IRQHandler       0x08000A1D                  2  Code  Wk  stm32l432xx_Vectors.o
  RTC_WKUP_IRQHandler        0x080009DD                  2  Code  Wk  stm32l432xx_Vectors.o
  Reset_Handler              0x08000A4F                  2  Code  Gb  STM32L4xx_Startup.o
  SAI1_IRQHandler            0x08000A43                  2  Code  Wk  stm32l432xx_Vectors.o
  SPI1_IRQHandler            0x08000A15                  2  Code  Wk  stm32l432xx_Vectors.o
  SPI3_IRQHandler            0x08000A1F                  2  Code  Wk  stm32l432xx_Vectors.o
  SVC_Handler                0x080009CF                  2  Code  Wk  stm32l432xx_Vectors.o
  SWPMI1_IRQHandler          0x08000A45                  2  Code  Wk  stm32l432xx_Vectors.o
  SysTick_Handler            0x080009D5                  2  Code  Wk  stm32l432xx_Vectors.o
  SystemCoreClockUpdate      0x08000225         340      4  Code  Gb  system_stm32l4xx.o
  SystemInit                 0x080001CD          88      4  Code  Gb  system_stm32l4xx.o
  TAMP_STAMP_IRQHandler      0x080009DB                  2  Code  Wk  stm32l432xx_Vectors.o
  TIM1_BRK_TIM15_IRQHandler  0x08000A07                  2  Code  Wk  stm32l432xx_Vectors.o
  TIM1_CC_IRQHandler         0x08000A0D                  2  Code  Wk  stm32l432xx_Vectors.o
  TIM1_TRG_COM_IRQHandler    0x08000A0B                  2  Code  Wk  stm32l432xx_Vectors.o
  TIM1_UP_TIM16_IRQHandler   0x08000A09                  2  Code  Wk  stm32l432xx_Vectors.o
  TIM2_IRQHandler            0x08000A0F                  2  Code  Wk  stm32l432xx_Vectors.o
  TIM6_DAC_IRQHandler        0x08000A21                  2  Code  Wk  stm32l432xx_Vectors.o
  TIM7_IRQHandler            0x08000A23                  2  Code  Wk  stm32l432xx_Vectors.o
  TSC_IRQHandler             0x08000A47                  2  Code  Wk  stm32l432xx_Vectors.o
  USART1_IRQHandler          0x08000A17                  2  Code  Wk  stm32l432xx_Vectors.o
  USART2_IRQHandler          0x08000A19                  2  Code  Wk  stm32l432xx_Vectors.o
  USB_IRQHandler             0x08000A35                  2  Code  Wk  stm32l432xx_Vectors.o
  UsageFault_Handler         0x080009CD                  2  Code  Wk  stm32l432xx_Vectors.o
  WWDG_IRQHandler            0x080009D7                  2  Code  Wk  stm32l432xx_Vectors.o
  __SEGGER_init_copy         0x08000AA9          20      2  Code  Wk  SEGGER_crtinit_v7em_little.o
  __SEGGER_init_ctors        0x08000A6D          24      4  Code  Wk  SEGGER_crtinit_v7em_little.o
  __SEGGER_init_done         0x080008A3                  4  Code  Gb  SEGGER_THUMB_Startup.o
  __startup_complete         0x080008A3                  4  Code  Gb  SEGGER_THUMB_Startup.o
  _start                     0x08000899          14      4  Code  Gb  SEGGER_THUMB_Startup.o
  delay_millis               0x0800098D          58      2  Code  Gb  STM32L432KC_TIM.o
  exit                       0x080008A7           2      4  Code  Gb  SEGGER_THUMB_Startup.o
  initTIMdelay               0x080008D5          42      2  Code  Gb  STM32L432KC_TIM.o
  initTIMpwm                 0x080008FF         142      2  Code  Gb  STM32L432KC_TIM.o
  main                       0x080007ED         172      4  Code  Gb  main.o
  pinMode                    0x08000379         216      4  Code  Gb  STM32L432KC_GPIO.o
  pitch                      0x08000451          52      4  Code  Gb  STM32L432KC_TIM.o
  reset_handler              0x08000A4F                  2  Code  Gb  STM32L4xx_Startup.o

Function symbols by address:

     Address  Symbol name                      Size  Align  Type  Bd  Object File
  ----------  -------------------------  ----------  -----  ----  --  -----------
  0x080001CD  SystemInit                         88      4  Code  Gb  system_stm32l4xx.o
  0x08000225  SystemCoreClockUpdate             340      4  Code  Gb  system_stm32l4xx.o
  0x08000379  pinMode                           216      4  Code  Gb  STM32L432KC_GPIO.o
  0x08000451  pitch                              52      4  Code  Gb  STM32L432KC_TIM.o
  0x080007ED  main                              172      4  Code  Gb  main.o
  0x08000899  _start                             14      4  Code  Gb  SEGGER_THUMB_Startup.o
  0x080008A3  __startup_complete                         4  Code  Gb  SEGGER_THUMB_Startup.o
  0x080008A3  __SEGGER_init_done                         4  Code  Gb  SEGGER_THUMB_Startup.o
  0x080008A7  exit                                2      4  Code  Gb  SEGGER_THUMB_Startup.o
  0x080008AD  HardFault_Handler                          4  Code  Wk  STM32L4xx_Startup.o
  0x080008D5  initTIMdelay                       42      2  Code  Gb  STM32L432KC_TIM.o
  0x080008FF  initTIMpwm                        142      2  Code  Gb  STM32L432KC_TIM.o
  0x0800098D  delay_millis                       58      2  Code  Gb  STM32L432KC_TIM.o
  0x080009C7  NMI_Handler                                2  Code  Wk  stm32l432xx_Vectors.o
  0x080009C9  MemManage_Handler                          2  Code  Wk  stm32l432xx_Vectors.o
  0x080009CB  BusFault_Handler                           2  Code  Wk  stm32l432xx_Vectors.o
  0x080009CD  UsageFault_Handler                         2  Code  Wk  stm32l432xx_Vectors.o
  0x080009CF  SVC_Handler                                2  Code  Wk  stm32l432xx_Vectors.o
  0x080009D1  DebugMon_Handler                           2  Code  Wk  stm32l432xx_Vectors.o
  0x080009D3  PendSV_Handler                             2  Code  Wk  stm32l432xx_Vectors.o
  0x080009D5  SysTick_Handler                            2  Code  Wk  stm32l432xx_Vectors.o
  0x080009D7  WWDG_IRQHandler                            2  Code  Wk  stm32l432xx_Vectors.o
  0x080009D9  PVD_PVM_IRQHandler                         2  Code  Wk  stm32l432xx_Vectors.o
  0x080009DB  TAMP_STAMP_IRQHandler                      2  Code  Wk  stm32l432xx_Vectors.o
  0x080009DD  RTC_WKUP_IRQHandler                        2  Code  Wk  stm32l432xx_Vectors.o
  0x080009DF  FLASH_IRQHandler                           2  Code  Wk  stm32l432xx_Vectors.o
  0x080009E1  RCC_IRQHandler                             2  Code  Wk  stm32l432xx_Vectors.o
  0x080009E3  EXTI0_IRQHandler                           2  Code  Wk  stm32l432xx_Vectors.o
  0x080009E5  EXTI1_IRQHandler                           2  Code  Wk  stm32l432xx_Vectors.o
  0x080009E7  EXTI2_IRQHandler                           2  Code  Wk  stm32l432xx_Vectors.o
  0x080009E9  EXTI3_IRQHandler                           2  Code  Wk  stm32l432xx_Vectors.o
  0x080009EB  EXTI4_IRQHandler                           2  Code  Wk  stm32l432xx_Vectors.o
  0x080009ED  DMA1_Channel1_IRQHandler                   2  Code  Wk  stm32l432xx_Vectors.o
  0x080009EF  DMA1_Channel2_IRQHandler                   2  Code  Wk  stm32l432xx_Vectors.o
  0x080009F1  DMA1_Channel3_IRQHandler                   2  Code  Wk  stm32l432xx_Vectors.o
  0x080009F3  DMA1_Channel4_IRQHandler                   2  Code  Wk  stm32l432xx_Vectors.o
  0x080009F5  DMA1_Channel5_IRQHandler                   2  Code  Wk  stm32l432xx_Vectors.o
  0x080009F7  DMA1_Channel6_IRQHandler                   2  Code  Wk  stm32l432xx_Vectors.o
  0x080009F9  DMA1_Channel7_IRQHandler                   2  Code  Wk  stm32l432xx_Vectors.o
  0x080009FB  ADC1_IRQHandler                            2  Code  Wk  stm32l432xx_Vectors.o
  0x080009FD  CAN1_TX_IRQHandler                         2  Code  Wk  stm32l432xx_Vectors.o
  0x080009FF  CAN1_RX0_IRQHandler                        2  Code  Wk  stm32l432xx_Vectors.o
  0x08000A01  CAN1_RX1_IRQHandler                        2  Code  Wk  stm32l432xx_Vectors.o
  0x08000A03  CAN1_SCE_IRQHandler                        2  Code  Wk  stm32l432xx_Vectors.o
  0x08000A05  EXTI9_5_IRQHandler                         2  Code  Wk  stm32l432xx_Vectors.o
  0x08000A07  TIM1_BRK_TIM15_IRQHandler                  2  Code  Wk  stm32l432xx_Vectors.o
  0x08000A09  TIM1_UP_TIM16_IRQHandler                   2  Code  Wk  stm32l432xx_Vectors.o
  0x08000A0B  TIM1_TRG_COM_IRQHandler                    2  Code  Wk  stm32l432xx_Vectors.o
  0x08000A0D  TIM1_CC_IRQHandler                         2  Code  Wk  stm32l432xx_Vectors.o
  0x08000A0F  TIM2_IRQHandler                            2  Code  Wk  stm32l432xx_Vectors.o
  0x08000A11  I2C1_EV_IRQHandler                         2  Code  Wk  stm32l432xx_Vectors.o
  0x08000A13  I2C1_ER_IRQHandler                         2  Code  Wk  stm32l432xx_Vectors.o
  0x08000A15  SPI1_IRQHandler                            2  Code  Wk  stm32l432xx_Vectors.o
  0x08000A17  USART1_IRQHandler                          2  Code  Wk  stm32l432xx_Vectors.o
  0x08000A19  USART2_IRQHandler                          2  Code  Wk  stm32l432xx_Vectors.o
  0x08000A1B  EXTI15_10_IRQHandler                       2  Code  Wk  stm32l432xx_Vectors.o
  0x08000A1D  RTC_Alarm_IRQHandler                       2  Code  Wk  stm32l432xx_Vectors.o
  0x08000A1F  SPI3_IRQHandler                            2  Code  Wk  stm32l432xx_Vectors.o
  0x08000A21  TIM6_DAC_IRQHandler                        2  Code  Wk  stm32l432xx_Vectors.o
  0x08000A23  TIM7_IRQHandler                            2  Code  Wk  stm32l432xx_Vectors.o
  0x08000A25  DMA2_Channel1_IRQHandler                   2  Code  Wk  stm32l432xx_Vectors.o
  0x08000A27  DMA2_Channel2_IRQHandler                   2  Code  Wk  stm32l432xx_Vectors.o
  0x08000A29  DMA2_Channel3_IRQHandler                   2  Code  Wk  stm32l432xx_Vectors.o
  0x08000A2B  DMA2_Channel4_IRQHandler                   2  Code  Wk  stm32l432xx_Vectors.o
  0x08000A2D  DMA2_Channel5_IRQHandler                   2  Code  Wk  stm32l432xx_Vectors.o
  0x08000A2F  COMP_IRQHandler                            2  Code  Wk  stm32l432xx_Vectors.o
  0x08000A31  LPTIM1_IRQHandler                          2  Code  Wk  stm32l432xx_Vectors.o
  0x08000A33  LPTIM2_IRQHandler                          2  Code  Wk  stm32l432xx_Vectors.o
  0x08000A35  USB_IRQHandler                             2  Code  Wk  stm32l432xx_Vectors.o
  0x08000A37  DMA2_Channel6_IRQHandler                   2  Code  Wk  stm32l432xx_Vectors.o
  0x08000A39  DMA2_Channel7_IRQHandler                   2  Code  Wk  stm32l432xx_Vectors.o
  0x08000A3B  LPUART1_IRQHandler                         2  Code  Wk  stm32l432xx_Vectors.o
  0x08000A3D  QUADSPI_IRQHandler                         2  Code  Wk  stm32l432xx_Vectors.o
  0x08000A3F  I2C3_EV_IRQHandler                         2  Code  Wk  stm32l432xx_Vectors.o
  0x08000A41  I2C3_ER_IRQHandler                         2  Code  Wk  stm32l432xx_Vectors.o
  0x08000A43  SAI1_IRQHandler                            2  Code  Wk  stm32l432xx_Vectors.o
  0x08000A45  SWPMI1_IRQHandler                          2  Code  Wk  stm32l432xx_Vectors.o
  0x08000A47  TSC_IRQHandler                             2  Code  Wk  stm32l432xx_Vectors.o
  0x08000A49  RNG_IRQHandler                             2  Code  Wk  stm32l432xx_Vectors.o
  0x08000A4B  FPU_IRQHandler                             2  Code  Wk  stm32l432xx_Vectors.o
  0x08000A4D  CRS_IRQHandler                             2  Code  Wk  stm32l432xx_Vectors.o
  0x08000A4F  reset_handler                              2  Code  Gb  STM32L4xx_Startup.o
  0x08000A4F  Reset_Handler                              2  Code  Gb  STM32L4xx_Startup.o
  0x08000A6D  __SEGGER_init_ctors                24      4  Code  Wk  SEGGER_crtinit_v7em_little.o
  0x08000AA9  __SEGGER_init_copy                 20      2  Code  Wk  SEGGER_crtinit_v7em_little.o

Function symbols by descending size:

  Symbol name                      Size  Align  Type  Bd  Object File
  -------------------------  ----------  -----  ----  --  -----------
  SystemCoreClockUpdate             340      4  Code  Gb  system_stm32l4xx.o
  pinMode                           216      4  Code  Gb  STM32L432KC_GPIO.o
  main                              172      4  Code  Gb  main.o
  initTIMpwm                        142      2  Code  Gb  STM32L432KC_TIM.o
  SystemInit                         88      4  Code  Gb  system_stm32l4xx.o
  delay_millis                       58      2  Code  Gb  STM32L432KC_TIM.o
  pitch                              52      4  Code  Gb  STM32L432KC_TIM.o
  initTIMdelay                       42      2  Code  Gb  STM32L432KC_TIM.o
  __SEGGER_init_ctors                24      4  Code  Wk  SEGGER_crtinit_v7em_little.o
  __SEGGER_init_copy                 20      2  Code  Wk  SEGGER_crtinit_v7em_little.o
  _start                             14      4  Code  Gb  SEGGER_THUMB_Startup.o
  exit                                2      4  Code  Gb  SEGGER_THUMB_Startup.o
  ADC1_IRQHandler                            2  Code  Wk  stm32l432xx_Vectors.o
  BusFault_Handler                           2  Code  Wk  stm32l432xx_Vectors.o
  CAN1_RX0_IRQHandler                        2  Code  Wk  stm32l432xx_Vectors.o
  CAN1_RX1_IRQHandler                        2  Code  Wk  stm32l432xx_Vectors.o
  CAN1_SCE_IRQHandler                        2  Code  Wk  stm32l432xx_Vectors.o
  CAN1_TX_IRQHandler                         2  Code  Wk  stm32l432xx_Vectors.o
  COMP_IRQHandler                            2  Code  Wk  stm32l432xx_Vectors.o
  CRS_IRQHandler                             2  Code  Wk  stm32l432xx_Vectors.o
  DMA1_Channel1_IRQHandler                   2  Code  Wk  stm32l432xx_Vectors.o
  DMA1_Channel2_IRQHandler                   2  Code  Wk  stm32l432xx_Vectors.o
  DMA1_Channel3_IRQHandler                   2  Code  Wk  stm32l432xx_Vectors.o
  DMA1_Channel4_IRQHandler                   2  Code  Wk  stm32l432xx_Vectors.o
  DMA1_Channel5_IRQHandler                   2  Code  Wk  stm32l432xx_Vectors.o
  DMA1_Channel6_IRQHandler                   2  Code  Wk  stm32l432xx_Vectors.o
  DMA1_Channel7_IRQHandler                   2  Code  Wk  stm32l432xx_Vectors.o
  DMA2_Channel1_IRQHandler                   2  Code  Wk  stm32l432xx_Vectors.o
  DMA2_Channel2_IRQHandler                   2  Code  Wk  stm32l432xx_Vectors.o
  DMA2_Channel3_IRQHandler                   2  Code  Wk  stm32l432xx_Vectors.o
  DMA2_Channel4_IRQHandler                   2  Code  Wk  stm32l432xx_Vectors.o
  DMA2_Channel5_IRQHandler                   2  Code  Wk  stm32l432xx_Vectors.o
  DMA2_Channel6_IRQHandler                   2  Code  Wk  stm32l432xx_Vectors.o
  DMA2_Channel7_IRQHandler                   2  Code  Wk  stm32l432xx_Vectors.o
  DebugMon_Handler                           2  Code  Wk  stm32l432xx_Vectors.o
  EXTI0_IRQHandler                           2  Code  Wk  stm32l432xx_Vectors.o
  EXTI15_10_IRQHandler                       2  Code  Wk  stm32l432xx_Vectors.o
  EXTI1_IRQHandler                           2  Code  Wk  stm32l432xx_Vectors.o
  EXTI2_IRQHandler                           2  Code  Wk  stm32l432xx_Vectors.o
  EXTI3_IRQHandler                           2  Code  Wk  stm32l432xx_Vectors.o
  EXTI4_IRQHandler                           2  Code  Wk  stm32l432xx_Vectors.o
  EXTI9_5_IRQHandler                         2  Code  Wk  stm32l432xx_Vectors.o
  FLASH_IRQHandler                           2  Code  Wk  stm32l432xx_Vectors.o
  FPU_IRQHandler                             2  Code  Wk  stm32l432xx_Vectors.o
  HardFault_Handler                          4  Code  Wk  STM32L4xx_Startup.o
  I2C1_ER_IRQHandler                         2  Code  Wk  stm32l432xx_Vectors.o
  I2C1_EV_IRQHandler                         2  Code  Wk  stm32l432xx_Vectors.o
  I2C3_ER_IRQHandler                         2  Code  Wk  stm32l432xx_Vectors.o
  I2C3_EV_IRQHandler                         2  Code  Wk  stm32l432xx_Vectors.o
  LPTIM1_IRQHandler                          2  Code  Wk  stm32l432xx_Vectors.o
  LPTIM2_IRQHandler                          2  Code  Wk  stm32l432xx_Vectors.o
  LPUART1_IRQHandler                         2  Code  Wk  stm32l432xx_Vectors.o
  MemManage_Handler                          2  Code  Wk  stm32l432xx_Vectors.o
  NMI_Handler                                2  Code  Wk  stm32l432xx_Vectors.o
  PVD_PVM_IRQHandler                         2  Code  Wk  stm32l432xx_Vectors.o
  PendSV_Handler                             2  Code  Wk  stm32l432xx_Vectors.o
  QUADSPI_IRQHandler                         2  Code  Wk  stm32l432xx_Vectors.o
  RCC_IRQHandler                             2  Code  Wk  stm32l432xx_Vectors.o
  RNG_IRQHandler                             2  Code  Wk  stm32l432xx_Vectors.o
  RTC_Alarm_IRQHandler                       2  Code  Wk  stm32l432xx_Vectors.o
  RTC_WKUP_IRQHandler                        2  Code  Wk  stm32l432xx_Vectors.o
  Reset_Handler                              2  Code  Gb  STM32L4xx_Startup.o
  SAI1_IRQHandler                            2  Code  Wk  stm32l432xx_Vectors.o
  SPI1_IRQHandler                            2  Code  Wk  stm32l432xx_Vectors.o
  SPI3_IRQHandler                            2  Code  Wk  stm32l432xx_Vectors.o
  SVC_Handler                                2  Code  Wk  stm32l432xx_Vectors.o
  SWPMI1_IRQHandler                          2  Code  Wk  stm32l432xx_Vectors.o
  SysTick_Handler                            2  Code  Wk  stm32l432xx_Vectors.o
  TAMP_STAMP_IRQHandler                      2  Code  Wk  stm32l432xx_Vectors.o
  TIM1_BRK_TIM15_IRQHandler                  2  Code  Wk  stm32l432xx_Vectors.o
  TIM1_CC_IRQHandler                         2  Code  Wk  stm32l432xx_Vectors.o
  TIM1_TRG_COM_IRQHandler                    2  Code  Wk  stm32l432xx_Vectors.o
  TIM1_UP_TIM16_IRQHandler                   2  Code  Wk  stm32l432xx_Vectors.o
  TIM2_IRQHandler                            2  Code  Wk  stm32l432xx_Vectors.o
  TIM6_DAC_IRQHandler                        2  Code  Wk  stm32l432xx_Vectors.o
  TIM7_IRQHandler                            2  Code  Wk  stm32l432xx_Vectors.o
  TSC_IRQHandler                             2  Code  Wk  stm32l432xx_Vectors.o
  USART1_IRQHandler                          2  Code  Wk  stm32l432xx_Vectors.o
  USART2_IRQHandler                          2  Code  Wk  stm32l432xx_Vectors.o
  USB_IRQHandler                             2  Code  Wk  stm32l432xx_Vectors.o
  UsageFault_Handler                         2  Code  Wk  stm32l432xx_Vectors.o
  WWDG_IRQHandler                            2  Code  Wk  stm32l432xx_Vectors.o
  __SEGGER_init_done                         4  Code  Gb  SEGGER_THUMB_Startup.o
  __startup_complete                         4  Code  Gb  SEGGER_THUMB_Startup.o
  reset_handler                              2  Code  Gb  STM32L4xx_Startup.o

Read-write data symbols by name:

  Symbol name                   Address        Size  Align  Type  Bd  Object File
  -------------------------  ----------  ----------  -----  ----  --  -----------
  SystemCoreClock            0x10000000           4      4  Init  Gb  system_stm32l4xx.o

Read-write data symbols by address:

     Address  Symbol name                      Size  Align  Type  Bd  Object File
  ----------  -------------------------  ----------  -----  ----  --  -----------
  0x10000000  SystemCoreClock                     4      4  Init  Gb  system_stm32l4xx.o

Read-write data symbols by descending size:

  Symbol name                      Size  Align  Type  Bd  Object File
  -------------------------  ----------  -----  ----  --  -----------
  SystemCoreClock                     4      4  Init  Gb  system_stm32l4xx.o

Read-only data symbols by name:

  Symbol name                   Address        Size  Align  Type  Bd  Object File
  -------------------------  ----------  ----------  -----  ----  --  -----------
  AHBPrescTable              0x0800018C          16      4  Cnst  Gb  system_stm32l4xx.o
  MSIRangeTable              0x0800019C          48      4  Cnst  Gb  system_stm32l4xx.o
  __SEGGER_init_data__       0x08000AA4         [4]      4  Cnst  Lc  [ Linker created ]
  __SEGGER_init_table__      0x08000A8C        [24]      4  Cnst  Lc  [ Linker created ]
  notes                      0x08000484         872      4  Cnst  Gb  main.o

Read-only data symbols by address:

     Address  Symbol name                      Size  Align  Type  Bd  Object File
  ----------  -------------------------  ----------  -----  ----  --  -----------
  0x0800018C  AHBPrescTable                      16      4  Cnst  Gb  system_stm32l4xx.o
  0x0800019C  MSIRangeTable                      48      4  Cnst  Gb  system_stm32l4xx.o
  0x08000484  notes                             872      4  Cnst  Gb  main.o
  0x08000A8C  __SEGGER_init_table__            [24]      4  Cnst  Lc  [ Linker created ]
  0x08000AA4  __SEGGER_init_data__              [4]      4  Cnst  Lc  [ Linker created ]

Untyped symbols by name:

  Symbol name                     Value        Size  Align  Type  Bd  Object File
  -------------------------  ----------  ----------  -----  ----  --  -----------
  __FLASH1_segment_end__     0x08040000                     ----  Gb  [ Linker created ]
  __FLASH1_segment_size__    0x00040000                     ----  Gb  [ Linker created ]
  __FLASH1_segment_start__   0x08000000                     ----  Gb  [ Linker created ]
  __FLASH1_segment_used_end__
                             0x08000ABC                     ----  Gb  [ Linker created ]
  __FLASH1_segment_used_size__
                             0x00000ABC                     ----  Gb  [ Linker created ]
  __FLASH1_segment_used_start__
                             0x08000000                     ----  Gb  [ Linker created ]
  __FLASH_segment_end__      0x08040000                     ----  Gb  [ Linker created ]
  __FLASH_segment_size__     0x00040000                     ----  Gb  [ Linker created ]
  __FLASH_segment_start__    0x08000000                     ----  Gb  [ Linker created ]
  __FLASH_segment_used_end__
                             0x08000ABC                     ----  Gb  [ Linker created ]
  __FLASH_segment_used_size__
                             0x00000ABC                     ----  Gb  [ Linker created ]
  __FLASH_segment_used_start__
                             0x08000000                     ----  Gb  [ Linker created ]
  __HEAPSIZE__               0x00000000                     ----  Gb  [ Linker created ]
  __RAM1_segment_end__       0x10004000                     ----  Gb  [ Linker created ]
  __RAM1_segment_size__      0x00004000                     ----  Gb  [ Linker created ]
  __RAM1_segment_start__     0x10000000                     ----  Gb  [ Linker created ]
  __RAM1_segment_used_end__  0x10000004                     ----  Gb  [ Linker created ]
  __RAM1_segment_used_size__
                             0x00000004                     ----  Gb  [ Linker created ]
  __RAM1_segment_used_start__
                             0x10000000                     ----  Gb  [ Linker created ]
  __RAM2_segment_end__       0x2000C000                     ----  Gb  [ Linker created ]
  __RAM2_segment_size__      0x0000C000                     ----  Gb  [ Linker created ]
  __RAM2_segment_start__     0x20000000                     ----  Gb  [ Linker created ]
  __RAM2_segment_used_end__  0x2000C000                     ----  Gb  [ Linker created ]
  __RAM2_segment_used_size__
                             0x00000800                     ----  Gb  [ Linker created ]
  __RAM2_segment_used_start__
                             0x2000B800                     ----  Gb  [ Linker created ]
  __RAM_segment_end__        0x2000C000                     ----  Gb  [ Linker created ]
  __RAM_segment_size__       0x1000C000                     ----  Gb  [ Linker created ]
  __RAM_segment_start__      0x10000000                     ----  Gb  [ Linker created ]
  __RAM_segment_used_end__   0x2000C000                     ----  Gb  [ Linker created ]
  __RAM_segment_used_size__  0x1000C000                     ----  Gb  [ Linker created ]
  __RAM_segment_used_start__
                             0x10000000                     ----  Gb  [ Linker created ]
  __STACKSIZE_PROCESS__      0x00000000                     ----  Gb  [ Linker created ]
  __STACKSIZE__              0x00000800                     ----  Gb  [ Linker created ]
  __ctors_end__              0x08000A6C                     ----  Gb  [ Linker created ]
  __ctors_start__            0x08000A68                     ----  Gb  [ Linker created ]
  __stack_end__              0x2000C000                     ----  Gb  [ Linker created ]
  __thread_pointer$          0x00000000                     ----  Gb  [ Linker created ]
  _vectors                   0x08000000       [396]    512  Code  Gb  stm32l432xx_Vectors.o
  _vectors_end               0x0800018C                512  Code  Lc  stm32l432xx_Vectors.o

Untyped symbols by address:

       Value  Symbol name                      Size  Align  Type  Bd  Object File
  ----------  -------------------------  ----------  -----  ----  --  -----------
  0x00000000  __thread_pointer$                             ----  Gb  [ Linker created ]
  0x00000000  __STACKSIZE_PROCESS__                         ----  Gb  [ Linker created ]
  0x00000000  __HEAPSIZE__                                  ----  Gb  [ Linker created ]
  0x00000004  __RAM1_segment_used_size__
                                                            ----  Gb  [ Linker created ]
  0x00000800  __STACKSIZE__                                 ----  Gb  [ Linker created ]
  0x00000800  __RAM2_segment_used_size__
                                                            ----  Gb  [ Linker created ]
  0x00000ABC  __FLASH_segment_used_size__
                                                            ----  Gb  [ Linker created ]
  0x00000ABC  __FLASH1_segment_used_size__
                                                            ----  Gb  [ Linker created ]
  0x00004000  __RAM1_segment_size__                         ----  Gb  [ Linker created ]
  0x0000C000  __RAM2_segment_size__                         ----  Gb  [ Linker created ]
  0x00040000  __FLASH_segment_size__                        ----  Gb  [ Linker created ]
  0x00040000  __FLASH1_segment_size__                       ----  Gb  [ Linker created ]
  0x08000000  _vectors                        [396]    512  Code  Gb  stm32l432xx_Vectors.o
  0x08000000  __FLASH_segment_used_start__
                                                            ----  Gb  [ Linker created ]
  0x08000000  __FLASH_segment_start__                       ----  Gb  [ Linker created ]
  0x08000000  __FLASH1_segment_used_start__
                                                            ----  Gb  [ Linker created ]
  0x08000000  __FLASH1_segment_start__                      ----  Gb  [ Linker created ]
  0x0800018C  _vectors_end                             512  Code  Lc  stm32l432xx_Vectors.o
  0x08000A68  __ctors_start__                               ----  Gb  [ Linker created ]
  0x08000A6C  __ctors_end__                                 ----  Gb  [ Linker created ]
  0x08000ABC  __FLASH_segment_used_end__
                                                            ----  Gb  [ Linker created ]
  0x08000ABC  __FLASH1_segment_used_end__
                                                            ----  Gb  [ Linker created ]
  0x08040000  __FLASH_segment_end__                         ----  Gb  [ Linker created ]
  0x08040000  __FLASH1_segment_end__                        ----  Gb  [ Linker created ]
  0x10000000  __RAM_segment_used_start__
                                                            ----  Gb  [ Linker created ]
  0x10000000  __RAM_segment_start__                         ----  Gb  [ Linker created ]
  0x10000000  __RAM1_segment_used_start__
                                                            ----  Gb  [ Linker created ]
  0x10000000  __RAM1_segment_start__                        ----  Gb  [ Linker created ]
  0x10000004  __RAM1_segment_used_end__                     ----  Gb  [ Linker created ]
  0x10004000  __RAM1_segment_end__                          ----  Gb  [ Linker created ]
  0x1000C000  __RAM_segment_used_size__                     ----  Gb  [ Linker created ]
  0x1000C000  __RAM_segment_size__                          ----  Gb  [ Linker created ]
  0x20000000  __RAM2_segment_start__                        ----  Gb  [ Linker created ]
  0x2000B800  __RAM2_segment_used_start__
                                                            ----  Gb  [ Linker created ]
  0x2000C000  __stack_end__                                 ----  Gb  [ Linker created ]
  0x2000C000  __RAM_segment_used_end__                      ----  Gb  [ Linker created ]
  0x2000C000  __RAM_segment_end__                           ----  Gb  [ Linker created ]
  0x2000C000  __RAM2_segment_used_end__                     ----  Gb  [ Linker created ]
  0x2000C000  __RAM2_segment_end__                          ----  Gb  [ Linker created ]


***********************************************************************************************
***                                                                                         ***
***                                      LINK SUMMARY                                       ***
***                                                                                         ***
***********************************************************************************************

Memory breakdown:

    1 778 bytes read-only  code    + 
      964 bytes read-only  data    =   2 742 bytes read-only (total)
    2 052 bytes read-write data

Region summary:

  Name        Range                     Size                 Used               Unused       Alignment Loss
  ----------  -----------------  -----------  -------------------  -------------------  -------------------
  FLASH       08000000-0803ffff      262 144        2 746   1.05%      259 398  98.95%            0   0.00%
  RAM1        10000000-10003fff       16 384            4   0.02%       16 380  99.98%            0   0.00%
  RAM2        20000000-2000bfff       49 152        2 048   4.17%       47 104  95.83%            0   0.00%

Link complete: 0 errors, 0 warnings, 0 remarks
