***********************************************************************************************
***                                                                                         ***
***                                    LINK INFORMATION                                     ***
***                                                                                         ***
***********************************************************************************************

Linker version:

  SEGGER ARM Linker 4.34.2 compiled Aug 15 2022 23:27:03
  Copyright (c) 2017-2022 SEGGER Microcontroller GmbH    www.segger.com


***********************************************************************************************
***                                                                                         ***
***                                     MODULE SUMMARY                                      ***
***                                                                                         ***
***********************************************************************************************

Memory use by input file:

  Object File                                       RX Code     RO Data     RW Data     ZI Data
  ---------------------------------------------  ----------  ----------  ----------  ----------
  main.o                                                180         872                        
  SEGGER_crtinit_v7em_little.o                           52                                    
  SEGGER_THUMB_Startup.o                                 20                                    
  STM32L432KC_FLASH.o                                    32                                    
  STM32L432KC_GPIO.o                                    196                                    
  STM32L432KC_RCC.o                                     252                                    
  STM32L432KC_TIM.o                                     150                                    
  stm32l432xx_Vectors.o                                 532                                    
  STM32L4xx_Startup.o                                    64                                    
  system_stm32l4xx.o                                    428          64           4            
  ---------------------------------------------  ----------  ----------  ----------  ----------
  Subtotal (10 objects)                               1 906         936           4            
  ---------------------------------------------  ----------  ----------  ----------  ----------
  Linker created (shared data, fills, blocks):                       28                   2 048
  =============================================  ==========  ==========  ==========  ==========
  Total:                                              1 906         964           4       2 048
  =============================================  ==========  ==========  ==========  ==========

Memory use by archive member:

Memory use by linker:

  Description                                       RX Code     RO Data     RW Data     ZI Data
  ---------------------------------------------  ----------  ----------  ----------  ----------
  Initialization table                                               28                        
  Memory for block 'stack'                                                                2 048
  ---------------------------------------------  ----------  ----------  ----------  ----------
  Subtotal (linker created):                                         28                   2 048
  ---------------------------------------------  ----------  ----------  ----------  ----------
  Objects (10 files)                                  1 906         936           4            
  =============================================  ==========  ==========  ==========  ==========
  Total:                                              1 906         964           4       2 048
  =============================================  ==========  ==========  ==========  ==========


***********************************************************************************************
***                                                                                         ***
***                                     SECTION DETAIL                                      ***
***                                                                                         ***
***********************************************************************************************

Sections by address:

  Range              Symbol or [section] Name         Size  Al  Init  Ac  Object File
  -----------------  -------------------------  ----------  --  ----  --  -----------
  08000000-0800018b  _vectors                          396  512
                                                                Code  RX  stm32l432xx_Vectors.o
  0800018c-0800019b  AHBPrescTable                      16   4  Cnst  RO  system_stm32l4xx.o
  0800019c-080001cb  MSIRangeTable                      48   4  Cnst  RO  system_stm32l4xx.o
  080001cc-08000223  SystemInit                         88   4  Code  RX  system_stm32l4xx.o
  08000224-08000377  SystemCoreClockUpdate             340   4  Code  RX  system_stm32l4xx.o
  08000378-08000397  configureFlash                     32   4  Code  RX  STM32L432KC_FLASH.o
  08000398-0800045b  pinMode                           196   4  Code  RX  STM32L432KC_GPIO.o
  0800045c-080004fb  configurePLL                      160   4  Code  RX  STM32L432KC_RCC.o
  080004fc-08000557  configureClock                     92   4  Code  RX  STM32L432KC_RCC.o
  08000558-080005bb  initTIMpwm                        100   4  Code  RX  STM32L432KC_TIM.o
  080005bc-08000923  notes                             872   4  Cnst  RO  main.o
  08000924-080009ab  main                              136   4  Code  RX  main.o
  080009ac-080009bf  _start                             20   4  Code  RX  SEGGER_THUMB_Startup.o
  080009c0-080009e7  HardFault_Handler                  40   4  Code  RX  STM32L4xx_Startup.o
  080009e8-080009f5  initTIMdelay                       14   2  Code  RX  STM32L432KC_TIM.o
  080009f6-080009f7  NMI_Handler                         2   2  Code  RX  stm32l432xx_Vectors.o
  080009f8-080009f9  MemManage_Handler                   2   2  Code  RX  stm32l432xx_Vectors.o
  080009fa-080009fb  BusFault_Handler                    2   2  Code  RX  stm32l432xx_Vectors.o
  080009fc-080009fd  UsageFault_Handler                  2   2  Code  RX  stm32l432xx_Vectors.o
  080009fe-080009ff  SVC_Handler                         2   2  Code  RX  stm32l432xx_Vectors.o
  08000a00-08000a01  DebugMon_Handler                    2   2  Code  RX  stm32l432xx_Vectors.o
  08000a02-08000a03  PendSV_Handler                      2   2  Code  RX  stm32l432xx_Vectors.o
  08000a04-08000a05  SysTick_Handler                     2   2  Code  RX  stm32l432xx_Vectors.o
  08000a06-08000a07  WWDG_IRQHandler                     2   2  Code  RX  stm32l432xx_Vectors.o
  08000a08-08000a09  PVD_PVM_IRQHandler                  2   2  Code  RX  stm32l432xx_Vectors.o
  08000a0a-08000a0b  TAMP_STAMP_IRQHandler               2   2  Code  RX  stm32l432xx_Vectors.o
  08000a0c-08000a0d  RTC_WKUP_IRQHandler                 2   2  Code  RX  stm32l432xx_Vectors.o
  08000a0e-08000a0f  FLASH_IRQHandler                    2   2  Code  RX  stm32l432xx_Vectors.o
  08000a10-08000a11  RCC_IRQHandler                      2   2  Code  RX  stm32l432xx_Vectors.o
  08000a12-08000a13  EXTI0_IRQHandler                    2   2  Code  RX  stm32l432xx_Vectors.o
  08000a14-08000a15  EXTI1_IRQHandler                    2   2  Code  RX  stm32l432xx_Vectors.o
  08000a16-08000a17  EXTI2_IRQHandler                    2   2  Code  RX  stm32l432xx_Vectors.o
  08000a18-08000a19  EXTI3_IRQHandler                    2   2  Code  RX  stm32l432xx_Vectors.o
  08000a1a-08000a1b  EXTI4_IRQHandler                    2   2  Code  RX  stm32l432xx_Vectors.o
  08000a1c-08000a1d  DMA1_Channel1_IRQHandler            2   2  Code  RX  stm32l432xx_Vectors.o
  08000a1e-08000a1f  DMA1_Channel2_IRQHandler            2   2  Code  RX  stm32l432xx_Vectors.o
  08000a20-08000a21  DMA1_Channel3_IRQHandler            2   2  Code  RX  stm32l432xx_Vectors.o
  08000a22-08000a23  DMA1_Channel4_IRQHandler            2   2  Code  RX  stm32l432xx_Vectors.o
  08000a24-08000a25  DMA1_Channel5_IRQHandler            2   2  Code  RX  stm32l432xx_Vectors.o
  08000a26-08000a27  DMA1_Channel6_IRQHandler            2   2  Code  RX  stm32l432xx_Vectors.o
  08000a28-08000a29  DMA1_Channel7_IRQHandler            2   2  Code  RX  stm32l432xx_Vectors.o
  08000a2a-08000a2b  ADC1_IRQHandler                     2   2  Code  RX  stm32l432xx_Vectors.o
  08000a2c-08000a2d  CAN1_TX_IRQHandler                  2   2  Code  RX  stm32l432xx_Vectors.o
  08000a2e-08000a2f  CAN1_RX0_IRQHandler                 2   2  Code  RX  stm32l432xx_Vectors.o
  08000a30-08000a31  CAN1_RX1_IRQHandler                 2   2  Code  RX  stm32l432xx_Vectors.o
  08000a32-08000a33  CAN1_SCE_IRQHandler                 2   2  Code  RX  stm32l432xx_Vectors.o
  08000a34-08000a35  EXTI9_5_IRQHandler                  2   2  Code  RX  stm32l432xx_Vectors.o
  08000a36-08000a37  TIM1_BRK_TIM15_IRQHandler           2   2  Code  RX  stm32l432xx_Vectors.o
  08000a38-08000a39  TIM1_UP_TIM16_IRQHandler            2   2  Code  RX  stm32l432xx_Vectors.o
  08000a3a-08000a3b  TIM1_TRG_COM_IRQHandler             2   2  Code  RX  stm32l432xx_Vectors.o
  08000a3c-08000a3d  TIM1_CC_IRQHandler                  2   2  Code  RX  stm32l432xx_Vectors.o
  08000a3e-08000a3f  TIM2_IRQHandler                     2   2  Code  RX  stm32l432xx_Vectors.o
  08000a40-08000a41  I2C1_EV_IRQHandler                  2   2  Code  RX  stm32l432xx_Vectors.o
  08000a42-08000a43  I2C1_ER_IRQHandler                  2   2  Code  RX  stm32l432xx_Vectors.o
  08000a44-08000a45  SPI1_IRQHandler                     2   2  Code  RX  stm32l432xx_Vectors.o
  08000a46-08000a47  USART1_IRQHandler                   2   2  Code  RX  stm32l432xx_Vectors.o
  08000a48-08000a49  USART2_IRQHandler                   2   2  Code  RX  stm32l432xx_Vectors.o
  08000a4a-08000a4b  EXTI15_10_IRQHandler                2   2  Code  RX  stm32l432xx_Vectors.o
  08000a4c-08000a4d  RTC_Alarm_IRQHandler                2   2  Code  RX  stm32l432xx_Vectors.o
  08000a4e-08000a4f  SPI3_IRQHandler                     2   2  Code  RX  stm32l432xx_Vectors.o
  08000a50-08000a51  TIM6_DAC_IRQHandler                 2   2  Code  RX  stm32l432xx_Vectors.o
  08000a52-08000a53  TIM7_IRQHandler                     2   2  Code  RX  stm32l432xx_Vectors.o
  08000a54-08000a55  DMA2_Channel1_IRQHandler            2   2  Code  RX  stm32l432xx_Vectors.o
  08000a56-08000a57  DMA2_Channel2_IRQHandler            2   2  Code  RX  stm32l432xx_Vectors.o
  08000a58-08000a59  DMA2_Channel3_IRQHandler            2   2  Code  RX  stm32l432xx_Vectors.o
  08000a5a-08000a5b  DMA2_Channel4_IRQHandler            2   2  Code  RX  stm32l432xx_Vectors.o
  08000a5c-08000a5d  DMA2_Channel5_IRQHandler            2   2  Code  RX  stm32l432xx_Vectors.o
  08000a5e-08000a5f  COMP_IRQHandler                     2   2  Code  RX  stm32l432xx_Vectors.o
  08000a60-08000a61  LPTIM1_IRQHandler                   2   2  Code  RX  stm32l432xx_Vectors.o
  08000a62-08000a63  LPTIM2_IRQHandler                   2   2  Code  RX  stm32l432xx_Vectors.o
  08000a64-08000a65  USB_IRQHandler                      2   2  Code  RX  stm32l432xx_Vectors.o
  08000a66-08000a67  DMA2_Channel6_IRQHandler            2   2  Code  RX  stm32l432xx_Vectors.o
  08000a68-08000a69  DMA2_Channel7_IRQHandler            2   2  Code  RX  stm32l432xx_Vectors.o
  08000a6a-08000a6b  LPUART1_IRQHandler                  2   2  Code  RX  stm32l432xx_Vectors.o
  08000a6c-08000a6d  QUADSPI_IRQHandler                  2   2  Code  RX  stm32l432xx_Vectors.o
  08000a6e-08000a6f  I2C3_EV_IRQHandler                  2   2  Code  RX  stm32l432xx_Vectors.o
  08000a70-08000a71  I2C3_ER_IRQHandler                  2   2  Code  RX  stm32l432xx_Vectors.o
  08000a72-08000a73  SAI1_IRQHandler                     2   2  Code  RX  stm32l432xx_Vectors.o
  08000a74-08000a75  SWPMI1_IRQHandler                   2   2  Code  RX  stm32l432xx_Vectors.o
  08000a76-08000a77  TSC_IRQHandler                      2   2  Code  RX  stm32l432xx_Vectors.o
  08000a78-08000a79  RNG_IRQHandler                      2   2  Code  RX  stm32l432xx_Vectors.o
  08000a7a-08000a7b  FPU_IRQHandler                      2   2  Code  RX  stm32l432xx_Vectors.o
  08000a7c-08000a7d  CRS_IRQHandler                      2   2  Code  RX  stm32l432xx_Vectors.o
  08000a7e-08000aa1  pitch                              36   2  Code  RX  STM32L432KC_TIM.o
  08000aa2-08000acd  ms_delay                           44   2  Code  RX  main.o
  08000ace-08000ae5  reset_handler                      24   2  Code  RX  STM32L4xx_Startup.o
  08000ae6-08000ae7  ( UNUSED .=.+2 )                    2   -  ----  -   -
  08000ae8-08000aeb  [.init_array]                       4   4  ----  --  STM32L4xx_Startup.o
  08000aec-08000b0b  __SEGGER_init_ctors                32   4  Code  RX  SEGGER_crtinit_v7em_little.o
  08000b0c-08000b23  __SEGGER_init_table__              24   4  Cnst  RO  [ Linker created ]
  08000b24-08000b27  __SEGGER_init_data__                4   4  Cnst  RO  [ Linker created ]
  08000b28-08000b3b  __SEGGER_init_copy                 20   2  Code  RX  SEGGER_crtinit_v7em_little.o
  08000b3c-0fffffff  ( UNUSED .=.+134214852 )   134 214 852
                                                             -  ----  -   -
  10000000-10000003  SystemCoreClock                     4   4  Init  RW  system_stm32l4xx.o
  10000004-2000b7ff  ( UNUSED .=.+268482556 )   268 482 556
                                                             -  ----  -   -
  2000b800-2000bfff  [.bss.block.stack]              2 048   8  None  ZI  [ Linker created ]


***********************************************************************************************
***                                                                                         ***
***                                       SYMBOL LIST                                       ***
***                                                                                         ***
***********************************************************************************************

Function symbols by name:

  Symbol name                   Address        Size  Align  Type  Bd  Object File
  -------------------------  ----------  ----------  -----  ----  --  -----------
  ADC1_IRQHandler            0x08000A2B                  2  Code  Wk  stm32l432xx_Vectors.o
  BusFault_Handler           0x080009FB                  2  Code  Wk  stm32l432xx_Vectors.o
  CAN1_RX0_IRQHandler        0x08000A2F                  2  Code  Wk  stm32l432xx_Vectors.o
  CAN1_RX1_IRQHandler        0x08000A31                  2  Code  Wk  stm32l432xx_Vectors.o
  CAN1_SCE_IRQHandler        0x08000A33                  2  Code  Wk  stm32l432xx_Vectors.o
  CAN1_TX_IRQHandler         0x08000A2D                  2  Code  Wk  stm32l432xx_Vectors.o
  COMP_IRQHandler            0x08000A5F                  2  Code  Wk  stm32l432xx_Vectors.o
  CRS_IRQHandler             0x08000A7D                  2  Code  Wk  stm32l432xx_Vectors.o
  DMA1_Channel1_IRQHandler   0x08000A1D                  2  Code  Wk  stm32l432xx_Vectors.o
  DMA1_Channel2_IRQHandler   0x08000A1F                  2  Code  Wk  stm32l432xx_Vectors.o
  DMA1_Channel3_IRQHandler   0x08000A21                  2  Code  Wk  stm32l432xx_Vectors.o
  DMA1_Channel4_IRQHandler   0x08000A23                  2  Code  Wk  stm32l432xx_Vectors.o
  DMA1_Channel5_IRQHandler   0x08000A25                  2  Code  Wk  stm32l432xx_Vectors.o
  DMA1_Channel6_IRQHandler   0x08000A27                  2  Code  Wk  stm32l432xx_Vectors.o
  DMA1_Channel7_IRQHandler   0x08000A29                  2  Code  Wk  stm32l432xx_Vectors.o
  DMA2_Channel1_IRQHandler   0x08000A55                  2  Code  Wk  stm32l432xx_Vectors.o
  DMA2_Channel2_IRQHandler   0x08000A57                  2  Code  Wk  stm32l432xx_Vectors.o
  DMA2_Channel3_IRQHandler   0x08000A59                  2  Code  Wk  stm32l432xx_Vectors.o
  DMA2_Channel4_IRQHandler   0x08000A5B                  2  Code  Wk  stm32l432xx_Vectors.o
  DMA2_Channel5_IRQHandler   0x08000A5D                  2  Code  Wk  stm32l432xx_Vectors.o
  DMA2_Channel6_IRQHandler   0x08000A67                  2  Code  Wk  stm32l432xx_Vectors.o
  DMA2_Channel7_IRQHandler   0x08000A69                  2  Code  Wk  stm32l432xx_Vectors.o
  DebugMon_Handler           0x08000A01                  2  Code  Wk  stm32l432xx_Vectors.o
  EXTI0_IRQHandler           0x08000A13                  2  Code  Wk  stm32l432xx_Vectors.o
  EXTI15_10_IRQHandler       0x08000A4B                  2  Code  Wk  stm32l432xx_Vectors.o
  EXTI1_IRQHandler           0x08000A15                  2  Code  Wk  stm32l432xx_Vectors.o
  EXTI2_IRQHandler           0x08000A17                  2  Code  Wk  stm32l432xx_Vectors.o
  EXTI3_IRQHandler           0x08000A19                  2  Code  Wk  stm32l432xx_Vectors.o
  EXTI4_IRQHandler           0x08000A1B                  2  Code  Wk  stm32l432xx_Vectors.o
  EXTI9_5_IRQHandler         0x08000A35                  2  Code  Wk  stm32l432xx_Vectors.o
  FLASH_IRQHandler           0x08000A0F                  2  Code  Wk  stm32l432xx_Vectors.o
  FPU_IRQHandler             0x08000A7B                  2  Code  Wk  stm32l432xx_Vectors.o
  HardFault_Handler          0x080009C1                  4  Code  Wk  STM32L4xx_Startup.o
  I2C1_ER_IRQHandler         0x08000A43                  2  Code  Wk  stm32l432xx_Vectors.o
  I2C1_EV_IRQHandler         0x08000A41                  2  Code  Wk  stm32l432xx_Vectors.o
  I2C3_ER_IRQHandler         0x08000A71                  2  Code  Wk  stm32l432xx_Vectors.o
  I2C3_EV_IRQHandler         0x08000A6F                  2  Code  Wk  stm32l432xx_Vectors.o
  LPTIM1_IRQHandler          0x08000A61                  2  Code  Wk  stm32l432xx_Vectors.o
  LPTIM2_IRQHandler          0x08000A63                  2  Code  Wk  stm32l432xx_Vectors.o
  LPUART1_IRQHandler         0x08000A6B                  2  Code  Wk  stm32l432xx_Vectors.o
  MemManage_Handler          0x080009F9                  2  Code  Wk  stm32l432xx_Vectors.o
  NMI_Handler                0x080009F7                  2  Code  Wk  stm32l432xx_Vectors.o
  PVD_PVM_IRQHandler         0x08000A09                  2  Code  Wk  stm32l432xx_Vectors.o
  PendSV_Handler             0x08000A03                  2  Code  Wk  stm32l432xx_Vectors.o
  QUADSPI_IRQHandler         0x08000A6D                  2  Code  Wk  stm32l432xx_Vectors.o
  RCC_IRQHandler             0x08000A11                  2  Code  Wk  stm32l432xx_Vectors.o
  RNG_IRQHandler             0x08000A79                  2  Code  Wk  stm32l432xx_Vectors.o
  RTC_Alarm_IRQHandler       0x08000A4D                  2  Code  Wk  stm32l432xx_Vectors.o
  RTC_WKUP_IRQHandler        0x08000A0D                  2  Code  Wk  stm32l432xx_Vectors.o
  Reset_Handler              0x08000ACF                  2  Code  Gb  STM32L4xx_Startup.o
  SAI1_IRQHandler            0x08000A73                  2  Code  Wk  stm32l432xx_Vectors.o
  SPI1_IRQHandler            0x08000A45                  2  Code  Wk  stm32l432xx_Vectors.o
  SPI3_IRQHandler            0x08000A4F                  2  Code  Wk  stm32l432xx_Vectors.o
  SVC_Handler                0x080009FF                  2  Code  Wk  stm32l432xx_Vectors.o
  SWPMI1_IRQHandler          0x08000A75                  2  Code  Wk  stm32l432xx_Vectors.o
  SysTick_Handler            0x08000A05                  2  Code  Wk  stm32l432xx_Vectors.o
  SystemCoreClockUpdate      0x08000225         340      4  Code  Gb  system_stm32l4xx.o
  SystemInit                 0x080001CD          88      4  Code  Gb  system_stm32l4xx.o
  TAMP_STAMP_IRQHandler      0x08000A0B                  2  Code  Wk  stm32l432xx_Vectors.o
  TIM1_BRK_TIM15_IRQHandler  0x08000A37                  2  Code  Wk  stm32l432xx_Vectors.o
  TIM1_CC_IRQHandler         0x08000A3D                  2  Code  Wk  stm32l432xx_Vectors.o
  TIM1_TRG_COM_IRQHandler    0x08000A3B                  2  Code  Wk  stm32l432xx_Vectors.o
  TIM1_UP_TIM16_IRQHandler   0x08000A39                  2  Code  Wk  stm32l432xx_Vectors.o
  TIM2_IRQHandler            0x08000A3F                  2  Code  Wk  stm32l432xx_Vectors.o
  TIM6_DAC_IRQHandler        0x08000A51                  2  Code  Wk  stm32l432xx_Vectors.o
  TIM7_IRQHandler            0x08000A53                  2  Code  Wk  stm32l432xx_Vectors.o
  TSC_IRQHandler             0x08000A77                  2  Code  Wk  stm32l432xx_Vectors.o
  USART1_IRQHandler          0x08000A47                  2  Code  Wk  stm32l432xx_Vectors.o
  USART2_IRQHandler          0x08000A49                  2  Code  Wk  stm32l432xx_Vectors.o
  USB_IRQHandler             0x08000A65                  2  Code  Wk  stm32l432xx_Vectors.o
  UsageFault_Handler         0x080009FD                  2  Code  Wk  stm32l432xx_Vectors.o
  WWDG_IRQHandler            0x08000A07                  2  Code  Wk  stm32l432xx_Vectors.o
  __SEGGER_init_copy         0x08000B29          20      2  Code  Wk  SEGGER_crtinit_v7em_little.o
  __SEGGER_init_ctors        0x08000AED          24      4  Code  Wk  SEGGER_crtinit_v7em_little.o
  __SEGGER_init_done         0x080009B7                  4  Code  Gb  SEGGER_THUMB_Startup.o
  __startup_complete         0x080009B7                  4  Code  Gb  SEGGER_THUMB_Startup.o
  _start                     0x080009AD          14      4  Code  Gb  SEGGER_THUMB_Startup.o
  configureClock             0x080004FD          92      4  Code  Gb  STM32L432KC_RCC.o
  configureFlash             0x08000379          32      4  Code  Gb  STM32L432KC_FLASH.o
  configurePLL               0x0800045D         160      4  Code  Gb  STM32L432KC_RCC.o
  exit                       0x080009BB           2      4  Code  Gb  SEGGER_THUMB_Startup.o
  initTIMdelay               0x080009E9          14      2  Code  Gb  STM32L432KC_TIM.o
  initTIMpwm                 0x08000559         100      4  Code  Gb  STM32L432KC_TIM.o
  main                       0x08000925         136      4  Code  Gb  main.o
  ms_delay                   0x08000AA3          44      2  Code  Gb  main.o
  pinMode                    0x08000399         196      4  Code  Gb  STM32L432KC_GPIO.o
  pitch                      0x08000A7F          36      2  Code  Gb  STM32L432KC_TIM.o
  reset_handler              0x08000ACF                  2  Code  Gb  STM32L4xx_Startup.o

Function symbols by address:

     Address  Symbol name                      Size  Align  Type  Bd  Object File
  ----------  -------------------------  ----------  -----  ----  --  -----------
  0x080001CD  SystemInit                         88      4  Code  Gb  system_stm32l4xx.o
  0x08000225  SystemCoreClockUpdate             340      4  Code  Gb  system_stm32l4xx.o
  0x08000379  configureFlash                     32      4  Code  Gb  STM32L432KC_FLASH.o
  0x08000399  pinMode                           196      4  Code  Gb  STM32L432KC_GPIO.o
  0x0800045D  configurePLL                      160      4  Code  Gb  STM32L432KC_RCC.o
  0x080004FD  configureClock                     92      4  Code  Gb  STM32L432KC_RCC.o
  0x08000559  initTIMpwm                        100      4  Code  Gb  STM32L432KC_TIM.o
  0x08000925  main                              136      4  Code  Gb  main.o
  0x080009AD  _start                             14      4  Code  Gb  SEGGER_THUMB_Startup.o
  0x080009B7  __startup_complete                         4  Code  Gb  SEGGER_THUMB_Startup.o
  0x080009B7  __SEGGER_init_done                         4  Code  Gb  SEGGER_THUMB_Startup.o
  0x080009BB  exit                                2      4  Code  Gb  SEGGER_THUMB_Startup.o
  0x080009C1  HardFault_Handler                          4  Code  Wk  STM32L4xx_Startup.o
  0x080009E9  initTIMdelay                       14      2  Code  Gb  STM32L432KC_TIM.o
  0x080009F7  NMI_Handler                                2  Code  Wk  stm32l432xx_Vectors.o
  0x080009F9  MemManage_Handler                          2  Code  Wk  stm32l432xx_Vectors.o
  0x080009FB  BusFault_Handler                           2  Code  Wk  stm32l432xx_Vectors.o
  0x080009FD  UsageFault_Handler                         2  Code  Wk  stm32l432xx_Vectors.o
  0x080009FF  SVC_Handler                                2  Code  Wk  stm32l432xx_Vectors.o
  0x08000A01  DebugMon_Handler                           2  Code  Wk  stm32l432xx_Vectors.o
  0x08000A03  PendSV_Handler                             2  Code  Wk  stm32l432xx_Vectors.o
  0x08000A05  SysTick_Handler                            2  Code  Wk  stm32l432xx_Vectors.o
  0x08000A07  WWDG_IRQHandler                            2  Code  Wk  stm32l432xx_Vectors.o
  0x08000A09  PVD_PVM_IRQHandler                         2  Code  Wk  stm32l432xx_Vectors.o
  0x08000A0B  TAMP_STAMP_IRQHandler                      2  Code  Wk  stm32l432xx_Vectors.o
  0x08000A0D  RTC_WKUP_IRQHandler                        2  Code  Wk  stm32l432xx_Vectors.o
  0x08000A0F  FLASH_IRQHandler                           2  Code  Wk  stm32l432xx_Vectors.o
  0x08000A11  RCC_IRQHandler                             2  Code  Wk  stm32l432xx_Vectors.o
  0x08000A13  EXTI0_IRQHandler                           2  Code  Wk  stm32l432xx_Vectors.o
  0x08000A15  EXTI1_IRQHandler                           2  Code  Wk  stm32l432xx_Vectors.o
  0x08000A17  EXTI2_IRQHandler                           2  Code  Wk  stm32l432xx_Vectors.o
  0x08000A19  EXTI3_IRQHandler                           2  Code  Wk  stm32l432xx_Vectors.o
  0x08000A1B  EXTI4_IRQHandler                           2  Code  Wk  stm32l432xx_Vectors.o
  0x08000A1D  DMA1_Channel1_IRQHandler                   2  Code  Wk  stm32l432xx_Vectors.o
  0x08000A1F  DMA1_Channel2_IRQHandler                   2  Code  Wk  stm32l432xx_Vectors.o
  0x08000A21  DMA1_Channel3_IRQHandler                   2  Code  Wk  stm32l432xx_Vectors.o
  0x08000A23  DMA1_Channel4_IRQHandler                   2  Code  Wk  stm32l432xx_Vectors.o
  0x08000A25  DMA1_Channel5_IRQHandler                   2  Code  Wk  stm32l432xx_Vectors.o
  0x08000A27  DMA1_Channel6_IRQHandler                   2  Code  Wk  stm32l432xx_Vectors.o
  0x08000A29  DMA1_Channel7_IRQHandler                   2  Code  Wk  stm32l432xx_Vectors.o
  0x08000A2B  ADC1_IRQHandler                            2  Code  Wk  stm32l432xx_Vectors.o
  0x08000A2D  CAN1_TX_IRQHandler                         2  Code  Wk  stm32l432xx_Vectors.o
  0x08000A2F  CAN1_RX0_IRQHandler                        2  Code  Wk  stm32l432xx_Vectors.o
  0x08000A31  CAN1_RX1_IRQHandler                        2  Code  Wk  stm32l432xx_Vectors.o
  0x08000A33  CAN1_SCE_IRQHandler                        2  Code  Wk  stm32l432xx_Vectors.o
  0x08000A35  EXTI9_5_IRQHandler                         2  Code  Wk  stm32l432xx_Vectors.o
  0x08000A37  TIM1_BRK_TIM15_IRQHandler                  2  Code  Wk  stm32l432xx_Vectors.o
  0x08000A39  TIM1_UP_TIM16_IRQHandler                   2  Code  Wk  stm32l432xx_Vectors.o
  0x08000A3B  TIM1_TRG_COM_IRQHandler                    2  Code  Wk  stm32l432xx_Vectors.o
  0x08000A3D  TIM1_CC_IRQHandler                         2  Code  Wk  stm32l432xx_Vectors.o
  0x08000A3F  TIM2_IRQHandler                            2  Code  Wk  stm32l432xx_Vectors.o
  0x08000A41  I2C1_EV_IRQHandler                         2  Code  Wk  stm32l432xx_Vectors.o
  0x08000A43  I2C1_ER_IRQHandler                         2  Code  Wk  stm32l432xx_Vectors.o
  0x08000A45  SPI1_IRQHandler                            2  Code  Wk  stm32l432xx_Vectors.o
  0x08000A47  USART1_IRQHandler                          2  Code  Wk  stm32l432xx_Vectors.o
  0x08000A49  USART2_IRQHandler                          2  Code  Wk  stm32l432xx_Vectors.o
  0x08000A4B  EXTI15_10_IRQHandler                       2  Code  Wk  stm32l432xx_Vectors.o
  0x08000A4D  RTC_Alarm_IRQHandler                       2  Code  Wk  stm32l432xx_Vectors.o
  0x08000A4F  SPI3_IRQHandler                            2  Code  Wk  stm32l432xx_Vectors.o
  0x08000A51  TIM6_DAC_IRQHandler                        2  Code  Wk  stm32l432xx_Vectors.o
  0x08000A53  TIM7_IRQHandler                            2  Code  Wk  stm32l432xx_Vectors.o
  0x08000A55  DMA2_Channel1_IRQHandler                   2  Code  Wk  stm32l432xx_Vectors.o
  0x08000A57  DMA2_Channel2_IRQHandler                   2  Code  Wk  stm32l432xx_Vectors.o
  0x08000A59  DMA2_Channel3_IRQHandler                   2  Code  Wk  stm32l432xx_Vectors.o
  0x08000A5B  DMA2_Channel4_IRQHandler                   2  Code  Wk  stm32l432xx_Vectors.o
  0x08000A5D  DMA2_Channel5_IRQHandler                   2  Code  Wk  stm32l432xx_Vectors.o
  0x08000A5F  COMP_IRQHandler                            2  Code  Wk  stm32l432xx_Vectors.o
  0x08000A61  LPTIM1_IRQHandler                          2  Code  Wk  stm32l432xx_Vectors.o
  0x08000A63  LPTIM2_IRQHandler                          2  Code  Wk  stm32l432xx_Vectors.o
  0x08000A65  USB_IRQHandler                             2  Code  Wk  stm32l432xx_Vectors.o
  0x08000A67  DMA2_Channel6_IRQHandler                   2  Code  Wk  stm32l432xx_Vectors.o
  0x08000A69  DMA2_Channel7_IRQHandler                   2  Code  Wk  stm32l432xx_Vectors.o
  0x08000A6B  LPUART1_IRQHandler                         2  Code  Wk  stm32l432xx_Vectors.o
  0x08000A6D  QUADSPI_IRQHandler                         2  Code  Wk  stm32l432xx_Vectors.o
  0x08000A6F  I2C3_EV_IRQHandler                         2  Code  Wk  stm32l432xx_Vectors.o
  0x08000A71  I2C3_ER_IRQHandler                         2  Code  Wk  stm32l432xx_Vectors.o
  0x08000A73  SAI1_IRQHandler                            2  Code  Wk  stm32l432xx_Vectors.o
  0x08000A75  SWPMI1_IRQHandler                          2  Code  Wk  stm32l432xx_Vectors.o
  0x08000A77  TSC_IRQHandler                             2  Code  Wk  stm32l432xx_Vectors.o
  0x08000A79  RNG_IRQHandler                             2  Code  Wk  stm32l432xx_Vectors.o
  0x08000A7B  FPU_IRQHandler                             2  Code  Wk  stm32l432xx_Vectors.o
  0x08000A7D  CRS_IRQHandler                             2  Code  Wk  stm32l432xx_Vectors.o
  0x08000A7F  pitch                              36      2  Code  Gb  STM32L432KC_TIM.o
  0x08000AA3  ms_delay                           44      2  Code  Gb  main.o
  0x08000ACF  reset_handler                              2  Code  Gb  STM32L4xx_Startup.o
  0x08000ACF  Reset_Handler                              2  Code  Gb  STM32L4xx_Startup.o
  0x08000AED  __SEGGER_init_ctors                24      4  Code  Wk  SEGGER_crtinit_v7em_little.o
  0x08000B29  __SEGGER_init_copy                 20      2  Code  Wk  SEGGER_crtinit_v7em_little.o

Function symbols by descending size:

  Symbol name                      Size  Align  Type  Bd  Object File
  -------------------------  ----------  -----  ----  --  -----------
  SystemCoreClockUpdate             340      4  Code  Gb  system_stm32l4xx.o
  pinMode                           196      4  Code  Gb  STM32L432KC_GPIO.o
  configurePLL                      160      4  Code  Gb  STM32L432KC_RCC.o
  main                              136      4  Code  Gb  main.o
  initTIMpwm                        100      4  Code  Gb  STM32L432KC_TIM.o
  configureClock                     92      4  Code  Gb  STM32L432KC_RCC.o
  SystemInit                         88      4  Code  Gb  system_stm32l4xx.o
  ms_delay                           44      2  Code  Gb  main.o
  pitch                              36      2  Code  Gb  STM32L432KC_TIM.o
  configureFlash                     32      4  Code  Gb  STM32L432KC_FLASH.o
  __SEGGER_init_ctors                24      4  Code  Wk  SEGGER_crtinit_v7em_little.o
  __SEGGER_init_copy                 20      2  Code  Wk  SEGGER_crtinit_v7em_little.o
  _start                             14      4  Code  Gb  SEGGER_THUMB_Startup.o
  initTIMdelay                       14      2  Code  Gb  STM32L432KC_TIM.o
  exit                                2      4  Code  Gb  SEGGER_THUMB_Startup.o
  ADC1_IRQHandler                            2  Code  Wk  stm32l432xx_Vectors.o
  BusFault_Handler                           2  Code  Wk  stm32l432xx_Vectors.o
  CAN1_RX0_IRQHandler                        2  Code  Wk  stm32l432xx_Vectors.o
  CAN1_RX1_IRQHandler                        2  Code  Wk  stm32l432xx_Vectors.o
  CAN1_SCE_IRQHandler                        2  Code  Wk  stm32l432xx_Vectors.o
  CAN1_TX_IRQHandler                         2  Code  Wk  stm32l432xx_Vectors.o
  COMP_IRQHandler                            2  Code  Wk  stm32l432xx_Vectors.o
  CRS_IRQHandler                             2  Code  Wk  stm32l432xx_Vectors.o
  DMA1_Channel1_IRQHandler                   2  Code  Wk  stm32l432xx_Vectors.o
  DMA1_Channel2_IRQHandler                   2  Code  Wk  stm32l432xx_Vectors.o
  DMA1_Channel3_IRQHandler                   2  Code  Wk  stm32l432xx_Vectors.o
  DMA1_Channel4_IRQHandler                   2  Code  Wk  stm32l432xx_Vectors.o
  DMA1_Channel5_IRQHandler                   2  Code  Wk  stm32l432xx_Vectors.o
  DMA1_Channel6_IRQHandler                   2  Code  Wk  stm32l432xx_Vectors.o
  DMA1_Channel7_IRQHandler                   2  Code  Wk  stm32l432xx_Vectors.o
  DMA2_Channel1_IRQHandler                   2  Code  Wk  stm32l432xx_Vectors.o
  DMA2_Channel2_IRQHandler                   2  Code  Wk  stm32l432xx_Vectors.o
  DMA2_Channel3_IRQHandler                   2  Code  Wk  stm32l432xx_Vectors.o
  DMA2_Channel4_IRQHandler                   2  Code  Wk  stm32l432xx_Vectors.o
  DMA2_Channel5_IRQHandler                   2  Code  Wk  stm32l432xx_Vectors.o
  DMA2_Channel6_IRQHandler                   2  Code  Wk  stm32l432xx_Vectors.o
  DMA2_Channel7_IRQHandler                   2  Code  Wk  stm32l432xx_Vectors.o
  DebugMon_Handler                           2  Code  Wk  stm32l432xx_Vectors.o
  EXTI0_IRQHandler                           2  Code  Wk  stm32l432xx_Vectors.o
  EXTI15_10_IRQHandler                       2  Code  Wk  stm32l432xx_Vectors.o
  EXTI1_IRQHandler                           2  Code  Wk  stm32l432xx_Vectors.o
  EXTI2_IRQHandler                           2  Code  Wk  stm32l432xx_Vectors.o
  EXTI3_IRQHandler                           2  Code  Wk  stm32l432xx_Vectors.o
  EXTI4_IRQHandler                           2  Code  Wk  stm32l432xx_Vectors.o
  EXTI9_5_IRQHandler                         2  Code  Wk  stm32l432xx_Vectors.o
  FLASH_IRQHandler                           2  Code  Wk  stm32l432xx_Vectors.o
  FPU_IRQHandler                             2  Code  Wk  stm32l432xx_Vectors.o
  HardFault_Handler                          4  Code  Wk  STM32L4xx_Startup.o
  I2C1_ER_IRQHandler                         2  Code  Wk  stm32l432xx_Vectors.o
  I2C1_EV_IRQHandler                         2  Code  Wk  stm32l432xx_Vectors.o
  I2C3_ER_IRQHandler                         2  Code  Wk  stm32l432xx_Vectors.o
  I2C3_EV_IRQHandler                         2  Code  Wk  stm32l432xx_Vectors.o
  LPTIM1_IRQHandler                          2  Code  Wk  stm32l432xx_Vectors.o
  LPTIM2_IRQHandler                          2  Code  Wk  stm32l432xx_Vectors.o
  LPUART1_IRQHandler                         2  Code  Wk  stm32l432xx_Vectors.o
  MemManage_Handler                          2  Code  Wk  stm32l432xx_Vectors.o
  NMI_Handler                                2  Code  Wk  stm32l432xx_Vectors.o
  PVD_PVM_IRQHandler                         2  Code  Wk  stm32l432xx_Vectors.o
  PendSV_Handler                             2  Code  Wk  stm32l432xx_Vectors.o
  QUADSPI_IRQHandler                         2  Code  Wk  stm32l432xx_Vectors.o
  RCC_IRQHandler                             2  Code  Wk  stm32l432xx_Vectors.o
  RNG_IRQHandler                             2  Code  Wk  stm32l432xx_Vectors.o
  RTC_Alarm_IRQHandler                       2  Code  Wk  stm32l432xx_Vectors.o
  RTC_WKUP_IRQHandler                        2  Code  Wk  stm32l432xx_Vectors.o
  Reset_Handler                              2  Code  Gb  STM32L4xx_Startup.o
  SAI1_IRQHandler                            2  Code  Wk  stm32l432xx_Vectors.o
  SPI1_IRQHandler                            2  Code  Wk  stm32l432xx_Vectors.o
  SPI3_IRQHandler                            2  Code  Wk  stm32l432xx_Vectors.o
  SVC_Handler                                2  Code  Wk  stm32l432xx_Vectors.o
  SWPMI1_IRQHandler                          2  Code  Wk  stm32l432xx_Vectors.o
  SysTick_Handler                            2  Code  Wk  stm32l432xx_Vectors.o
  TAMP_STAMP_IRQHandler                      2  Code  Wk  stm32l432xx_Vectors.o
  TIM1_BRK_TIM15_IRQHandler                  2  Code  Wk  stm32l432xx_Vectors.o
  TIM1_CC_IRQHandler                         2  Code  Wk  stm32l432xx_Vectors.o
  TIM1_TRG_COM_IRQHandler                    2  Code  Wk  stm32l432xx_Vectors.o
  TIM1_UP_TIM16_IRQHandler                   2  Code  Wk  stm32l432xx_Vectors.o
  TIM2_IRQHandler                            2  Code  Wk  stm32l432xx_Vectors.o
  TIM6_DAC_IRQHandler                        2  Code  Wk  stm32l432xx_Vectors.o
  TIM7_IRQHandler                            2  Code  Wk  stm32l432xx_Vectors.o
  TSC_IRQHandler                             2  Code  Wk  stm32l432xx_Vectors.o
  USART1_IRQHandler                          2  Code  Wk  stm32l432xx_Vectors.o
  USART2_IRQHandler                          2  Code  Wk  stm32l432xx_Vectors.o
  USB_IRQHandler                             2  Code  Wk  stm32l432xx_Vectors.o
  UsageFault_Handler                         2  Code  Wk  stm32l432xx_Vectors.o
  WWDG_IRQHandler                            2  Code  Wk  stm32l432xx_Vectors.o
  __SEGGER_init_done                         4  Code  Gb  SEGGER_THUMB_Startup.o
  __startup_complete                         4  Code  Gb  SEGGER_THUMB_Startup.o
  reset_handler                              2  Code  Gb  STM32L4xx_Startup.o

Read-write data symbols by name:

  Symbol name                   Address        Size  Align  Type  Bd  Object File
  -------------------------  ----------  ----------  -----  ----  --  -----------
  SystemCoreClock            0x10000000           4      4  Init  Gb  system_stm32l4xx.o

Read-write data symbols by address:

     Address  Symbol name                      Size  Align  Type  Bd  Object File
  ----------  -------------------------  ----------  -----  ----  --  -----------
  0x10000000  SystemCoreClock                     4      4  Init  Gb  system_stm32l4xx.o

Read-write data symbols by descending size:

  Symbol name                      Size  Align  Type  Bd  Object File
  -------------------------  ----------  -----  ----  --  -----------
  SystemCoreClock                     4      4  Init  Gb  system_stm32l4xx.o

Read-only data symbols by name:

  Symbol name                   Address        Size  Align  Type  Bd  Object File
  -------------------------  ----------  ----------  -----  ----  --  -----------
  AHBPrescTable              0x0800018C          16      4  Cnst  Gb  system_stm32l4xx.o
  MSIRangeTable              0x0800019C          48      4  Cnst  Gb  system_stm32l4xx.o
  __SEGGER_init_data__       0x08000B24         [4]      4  Cnst  Lc  [ Linker created ]
  __SEGGER_init_table__      0x08000B0C        [24]      4  Cnst  Lc  [ Linker created ]
  notes                      0x080005BC         872      4  Cnst  Gb  main.o

Read-only data symbols by address:

     Address  Symbol name                      Size  Align  Type  Bd  Object File
  ----------  -------------------------  ----------  -----  ----  --  -----------
  0x0800018C  AHBPrescTable                      16      4  Cnst  Gb  system_stm32l4xx.o
  0x0800019C  MSIRangeTable                      48      4  Cnst  Gb  system_stm32l4xx.o
  0x080005BC  notes                             872      4  Cnst  Gb  main.o
  0x08000B0C  __SEGGER_init_table__            [24]      4  Cnst  Lc  [ Linker created ]
  0x08000B24  __SEGGER_init_data__              [4]      4  Cnst  Lc  [ Linker created ]

Untyped symbols by name:

  Symbol name                     Value        Size  Align  Type  Bd  Object File
  -------------------------  ----------  ----------  -----  ----  --  -----------
  __FLASH1_segment_end__     0x08040000                     ----  Gb  [ Linker created ]
  __FLASH1_segment_size__    0x00040000                     ----  Gb  [ Linker created ]
  __FLASH1_segment_start__   0x08000000                     ----  Gb  [ Linker created ]
  __FLASH1_segment_used_end__
                             0x08000B3C                     ----  Gb  [ Linker created ]
  __FLASH1_segment_used_size__
                             0x00000B3C                     ----  Gb  [ Linker created ]
  __FLASH1_segment_used_start__
                             0x08000000                     ----  Gb  [ Linker created ]
  __FLASH_segment_end__      0x08040000                     ----  Gb  [ Linker created ]
  __FLASH_segment_size__     0x00040000                     ----  Gb  [ Linker created ]
  __FLASH_segment_start__    0x08000000                     ----  Gb  [ Linker created ]
  __FLASH_segment_used_end__
                             0x08000B3C                     ----  Gb  [ Linker created ]
  __FLASH_segment_used_size__
                             0x00000B3C                     ----  Gb  [ Linker created ]
  __FLASH_segment_used_start__
                             0x08000000                     ----  Gb  [ Linker created ]
  __HEAPSIZE__               0x00000000                     ----  Gb  [ Linker created ]
  __RAM1_segment_end__       0x10004000                     ----  Gb  [ Linker created ]
  __RAM1_segment_size__      0x00004000                     ----  Gb  [ Linker created ]
  __RAM1_segment_start__     0x10000000                     ----  Gb  [ Linker created ]
  __RAM1_segment_used_end__  0x10000004                     ----  Gb  [ Linker created ]
  __RAM1_segment_used_size__
                             0x00000004                     ----  Gb  [ Linker created ]
  __RAM1_segment_used_start__
                             0x10000000                     ----  Gb  [ Linker created ]
  __RAM2_segment_end__       0x2000C000                     ----  Gb  [ Linker created ]
  __RAM2_segment_size__      0x0000C000                     ----  Gb  [ Linker created ]
  __RAM2_segment_start__     0x20000000                     ----  Gb  [ Linker created ]
  __RAM2_segment_used_end__  0x2000C000                     ----  Gb  [ Linker created ]
  __RAM2_segment_used_size__
                             0x00000800                     ----  Gb  [ Linker created ]
  __RAM2_segment_used_start__
                             0x2000B800                     ----  Gb  [ Linker created ]
  __RAM_segment_end__        0x2000C000                     ----  Gb  [ Linker created ]
  __RAM_segment_size__       0x1000C000                     ----  Gb  [ Linker created ]
  __RAM_segment_start__      0x10000000                     ----  Gb  [ Linker created ]
  __RAM_segment_used_end__   0x2000C000                     ----  Gb  [ Linker created ]
  __RAM_segment_used_size__  0x1000C000                     ----  Gb  [ Linker created ]
  __RAM_segment_used_start__
                             0x10000000                     ----  Gb  [ Linker created ]
  __STACKSIZE_PROCESS__      0x00000000                     ----  Gb  [ Linker created ]
  __STACKSIZE__              0x00000800                     ----  Gb  [ Linker created ]
  __ctors_end__              0x08000AEC                     ----  Gb  [ Linker created ]
  __ctors_start__            0x08000AE8                     ----  Gb  [ Linker created ]
  __stack_end__              0x2000C000                     ----  Gb  [ Linker created ]
  __thread_pointer$          0x00000000                     ----  Gb  [ Linker created ]
  _vectors                   0x08000000       [396]    512  Code  Gb  stm32l432xx_Vectors.o
  _vectors_end               0x0800018C                512  Code  Lc  stm32l432xx_Vectors.o

Untyped symbols by address:

       Value  Symbol name                      Size  Align  Type  Bd  Object File
  ----------  -------------------------  ----------  -----  ----  --  -----------
  0x00000000  __thread_pointer$                             ----  Gb  [ Linker created ]
  0x00000000  __STACKSIZE_PROCESS__                         ----  Gb  [ Linker created ]
  0x00000000  __HEAPSIZE__                                  ----  Gb  [ Linker created ]
  0x00000004  __RAM1_segment_used_size__
                                                            ----  Gb  [ Linker created ]
  0x00000800  __STACKSIZE__                                 ----  Gb  [ Linker created ]
  0x00000800  __RAM2_segment_used_size__
                                                            ----  Gb  [ Linker created ]
  0x00000B3C  __FLASH_segment_used_size__
                                                            ----  Gb  [ Linker created ]
  0x00000B3C  __FLASH1_segment_used_size__
                                                            ----  Gb  [ Linker created ]
  0x00004000  __RAM1_segment_size__                         ----  Gb  [ Linker created ]
  0x0000C000  __RAM2_segment_size__                         ----  Gb  [ Linker created ]
  0x00040000  __FLASH_segment_size__                        ----  Gb  [ Linker created ]
  0x00040000  __FLASH1_segment_size__                       ----  Gb  [ Linker created ]
  0x08000000  _vectors                        [396]    512  Code  Gb  stm32l432xx_Vectors.o
  0x08000000  __FLASH_segment_used_start__
                                                            ----  Gb  [ Linker created ]
  0x08000000  __FLASH_segment_start__                       ----  Gb  [ Linker created ]
  0x08000000  __FLASH1_segment_used_start__
                                                            ----  Gb  [ Linker created ]
  0x08000000  __FLASH1_segment_start__                      ----  Gb  [ Linker created ]
  0x0800018C  _vectors_end                             512  Code  Lc  stm32l432xx_Vectors.o
  0x08000AE8  __ctors_start__                               ----  Gb  [ Linker created ]
  0x08000AEC  __ctors_end__                                 ----  Gb  [ Linker created ]
  0x08000B3C  __FLASH_segment_used_end__
                                                            ----  Gb  [ Linker created ]
  0x08000B3C  __FLASH1_segment_used_end__
                                                            ----  Gb  [ Linker created ]
  0x08040000  __FLASH_segment_end__                         ----  Gb  [ Linker created ]
  0x08040000  __FLASH1_segment_end__                        ----  Gb  [ Linker created ]
  0x10000000  __RAM_segment_used_start__
                                                            ----  Gb  [ Linker created ]
  0x10000000  __RAM_segment_start__                         ----  Gb  [ Linker created ]
  0x10000000  __RAM1_segment_used_start__
                                                            ----  Gb  [ Linker created ]
  0x10000000  __RAM1_segment_start__                        ----  Gb  [ Linker created ]
  0x10000004  __RAM1_segment_used_end__                     ----  Gb  [ Linker created ]
  0x10004000  __RAM1_segment_end__                          ----  Gb  [ Linker created ]
  0x1000C000  __RAM_segment_used_size__                     ----  Gb  [ Linker created ]
  0x1000C000  __RAM_segment_size__                          ----  Gb  [ Linker created ]
  0x20000000  __RAM2_segment_start__                        ----  Gb  [ Linker created ]
  0x2000B800  __RAM2_segment_used_start__
                                                            ----  Gb  [ Linker created ]
  0x2000C000  __stack_end__                                 ----  Gb  [ Linker created ]
  0x2000C000  __RAM_segment_used_end__                      ----  Gb  [ Linker created ]
  0x2000C000  __RAM_segment_end__                           ----  Gb  [ Linker created ]
  0x2000C000  __RAM2_segment_used_end__                     ----  Gb  [ Linker created ]
  0x2000C000  __RAM2_segment_end__                          ----  Gb  [ Linker created ]


***********************************************************************************************
***                                                                                         ***
***                                      LINK SUMMARY                                       ***
***                                                                                         ***
***********************************************************************************************

Memory breakdown:

    1 906 bytes read-only  code    + 
      964 bytes read-only  data    =   2 870 bytes read-only (total)
    2 052 bytes read-write data

Region summary:

  Name        Range                     Size                 Used               Unused       Alignment Loss
  ----------  -----------------  -----------  -------------------  -------------------  -------------------
  FLASH       08000000-0803ffff      262 144        2 874   1.10%      259 270  98.90%            0   0.00%
  RAM1        10000000-10003fff       16 384            4   0.02%       16 380  99.98%            0   0.00%
  RAM2        20000000-2000bfff       49 152        2 048   4.17%       47 104  95.83%            0   0.00%

Link complete: 0 errors, 0 warnings, 0 remarks
